<html>
<body>
<pre>
<h1>礦ision Build Log</h1>
<h2>Tool Versions:</h2>
IDE-Version: μVision V5.22.0.0
Copyright (C) 2016 ARM Ltd and ARM Germany GmbH. All rights reserved.
License Information: 鲁 亮, 重庆理工大学, LIC=FQQMM-XCDEF-5BPEB-2XIU4-95MIF-M7TIJ
 
Tool Versions:
Toolchain:       MDK-ARM Professional  Version: 5.22
Toolchain Path:  C:\Work\Keil_v5\ARM\ARMCC\Bin
C Compiler:      Armcc.exe V5.06 update 4 (build 422)
Assembler:       Armasm.exe V5.06 update 4 (build 422)
Linker/Locator:  ArmLink.exe V5.06 update 4 (build 422)
Library Manager: ArmAr.exe V5.06 update 4 (build 422)
Hex Converter:   FromElf.exe V5.06 update 4 (build 422)
CPU DLL:         SARMCM3.DLL V5.22
Dialog DLL:      DARMSTM.DLL V1.67.0.0
Target DLL:      Segger\JL2CM3.dll V2.99.23.0
Dialog DLL:      DARMSTM.DLL V1.67.0.0
 
<h2>Project:</h2>
F:\Code_Study\RTOS\RT_Test\project.uvprojx
Project File Date:  12/07/2018

<h2>Output:</h2>
*** Using Compiler 'V5.06 update 4 (build 422)', folder: 'C:\Work\Keil_v5\ARM\ARMCC\Bin'
Build target 'rt-thread'
linking...
Program Size: Code=34274 RO-data=6318 RW-data=628 ZI-data=3924  
FromELF: creating hex file...
".\build\project.axf" - 0 Error(s), 0 Warning(s).

<h2>Collection of Component include folders:</h2>
  F:\Code_Study\RTOS\RT_Test\RTE\_rt-thread
  C:\Work\Keil_v5\ARM\PACK\Keil\STM32F1xx_DFP\2.2.0\Device\Include

<h2>Collection of Component Files used:</h2>
Build Time Elapsed:  00:00:05
</pre>
</body>
</html>
