Component: ARM Compiler 5.06 update 4 (build 422) Tool: armlink [4d35d2]

==============================================================================

Section Cross References

    main.o(i.led) refers to pin.o(i.rt_pin_mode) for rt_pin_mode
    main.o(i.led) refers to pin.o(i.rt_pin_write) for rt_pin_write
    main.o(i.led) refers to kservice.o(i.rt_kprintf) for rt_kprintf
    main.o(i.led) refers to thread.o(i.rt_thread_mdelay) for rt_thread_mdelay
    main.o(FSymTab) refers to main.o(.rodata.name) for __fsym___cmd_led_name
    main.o(FSymTab) refers to main.o(i.led) for led
    creat_thread.o(i.thread1_entry) refers to kservice.o(i.rt_kprintf) for rt_kprintf
    creat_thread.o(i.thread1_entry) refers to thread.o(i.rt_thread_mdelay) for rt_thread_mdelay
    creat_thread.o(i.thread2_entry) refers to kservice.o(i.rt_kprintf) for rt_kprintf
    creat_thread.o(i.thread_sample) refers to thread.o(i.rt_thread_create) for rt_thread_create
    creat_thread.o(i.thread_sample) refers to thread.o(i.rt_thread_startup) for rt_thread_startup
    creat_thread.o(i.thread_sample) refers to thread.o(i.rt_thread_init) for rt_thread_init
    creat_thread.o(i.thread_sample) refers to creat_thread.o(i.thread1_entry) for thread1_entry
    creat_thread.o(i.thread_sample) refers to creat_thread.o(.data) for tid1
    creat_thread.o(i.thread_sample) refers to creat_thread.o(.bss) for thread2_stack
    creat_thread.o(i.thread_sample) refers to creat_thread.o(i.thread2_entry) for thread2_entry
    creat_thread.o(FSymTab) refers to creat_thread.o(.rodata.name) for __fsym___cmd_thread_sample_name
    creat_thread.o(FSymTab) refers to creat_thread.o(i.thread_sample) for thread_sample
    board.o(i.HAL_MspInit) refers to stm32f1xx_hal_cortex.o(i.HAL_NVIC_SetPriorityGrouping) for HAL_NVIC_SetPriorityGrouping
    board.o(i.HAL_MspInit) refers to stm32f1xx_hal_cortex.o(i.HAL_NVIC_SetPriority) for HAL_NVIC_SetPriority
    board.o(i.SysTick_Handler) refers to irq.o(i.rt_interrupt_enter) for rt_interrupt_enter
    board.o(i.SysTick_Handler) refers to stm32f1xx_hal.o(i.HAL_IncTick) for HAL_IncTick
    board.o(i.SysTick_Handler) refers to clock.o(i.rt_tick_increase) for rt_tick_increase
    board.o(i.SysTick_Handler) refers to irq.o(i.rt_interrupt_leave) for rt_interrupt_leave
    board.o(i.SystemClock_Config) refers to stm32f1xx_hal_rcc.o(i.HAL_RCC_OscConfig) for HAL_RCC_OscConfig
    board.o(i.SystemClock_Config) refers to kservice.o(i.rt_assert_handler) for rt_assert_handler
    board.o(i.SystemClock_Config) refers to stm32f1xx_hal_rcc.o(i.HAL_RCC_ClockConfig) for HAL_RCC_ClockConfig
    board.o(i.SystemClock_Config) refers to stm32f1xx_hal_rcc.o(i.HAL_RCC_GetHCLKFreq) for HAL_RCC_GetHCLKFreq
    board.o(i.SystemClock_Config) refers to stm32f1xx_hal_cortex.o(i.HAL_SYSTICK_Config) for HAL_SYSTICK_Config
    board.o(i.SystemClock_Config) refers to stm32f1xx_hal_cortex.o(i.HAL_SYSTICK_CLKSourceConfig) for HAL_SYSTICK_CLKSourceConfig
    board.o(i.SystemClock_Config) refers to stm32f1xx_hal_cortex.o(i.HAL_NVIC_SetPriority) for HAL_NVIC_SetPriority
    board.o(i.SystemClock_Config) refers to board.o(.constdata) for __FUNCTION__
    board.o(i.rt_hw_board_init) refers to stm32f1xx_hal.o(i.HAL_Init) for HAL_Init
    board.o(i.rt_hw_board_init) refers to board.o(i.SystemClock_Config) for SystemClock_Config
    board.o(i.rt_hw_board_init) refers to mem.o(i.rt_system_heap_init) for rt_system_heap_init
    board.o(i.rt_hw_board_init) refers to components.o(i.rt_components_board_init) for rt_components_board_init
    board.o(i.rt_hw_board_init) refers to kservice.o(i.rt_console_set_device) for rt_console_set_device
    drv_usart.o(i.HAL_UART_MspDeInit) refers to stm32f1xx_hal_gpio.o(i.HAL_GPIO_DeInit) for HAL_GPIO_DeInit
    drv_usart.o(i.HAL_UART_MspDeInit) refers to stm32f1xx_hal_cortex.o(i.HAL_NVIC_DisableIRQ) for HAL_NVIC_DisableIRQ
    drv_usart.o(i.HAL_UART_MspInit) refers to stm32f1xx_hal_gpio.o(i.HAL_GPIO_Init) for HAL_GPIO_Init
    drv_usart.o(i.HAL_UART_MspInit) refers to stm32f1xx_hal_cortex.o(i.HAL_NVIC_SetPriority) for HAL_NVIC_SetPriority
    drv_usart.o(i.HAL_UART_MspInit) refers to stm32f1xx_hal_cortex.o(i.HAL_NVIC_EnableIRQ) for HAL_NVIC_EnableIRQ
    drv_usart.o(i.MX_USART_UART_Init) refers to stm32f1xx_hal_uart.o(i.HAL_UART_Init) for HAL_UART_Init
    drv_usart.o(i.MX_USART_UART_Init) refers to kservice.o(i.rt_assert_handler) for rt_assert_handler
    drv_usart.o(i.MX_USART_UART_Init) refers to drv_usart.o(.constdata) for __FUNCTION__
    drv_usart.o(i.USART1_IRQHandler) refers to irq.o(i.rt_interrupt_enter) for rt_interrupt_enter
    drv_usart.o(i.USART1_IRQHandler) refers to drv_usart.o(i.uart_isr) for uart_isr
    drv_usart.o(i.USART1_IRQHandler) refers to irq.o(i.rt_interrupt_leave) for rt_interrupt_leave
    drv_usart.o(i.USART1_IRQHandler) refers to drv_usart.o(.bss) for serial1
    drv_usart.o(i.rt_hw_usart_init) refers to drv_usart.o(i.MX_USART_UART_Init) for MX_USART_UART_Init
[...]
    _signal_init                              - Undefined Weak Reference
    _terminate_alloc                          - Undefined Weak Reference
    _terminate_user_alloc                     - Undefined Weak Reference
    _terminateio                              - Undefined Weak Reference
    __Vectors_Size                           0x00000130   Number         0  startup_stm32f103xe.o ABSOLUTE
    __Vectors                                0x08000000   Data           4  startup_stm32f103xe.o(RESET)
    __Vectors_End                            0x08000130   Data           0  startup_stm32f103xe.o(RESET)
    __main                                   0x08000131   Thumb Code     8  __main.o(!!!main)
    __scatterload                            0x08000139   Thumb Code     0  __scatter.o(!!!scatter)
    __scatterload_rt2                        0x08000139   Thumb Code    44  __scatter.o(!!!scatter)
    __scatterload_rt2_thumb_only             0x08000139   Thumb Code     0  __scatter.o(!!!scatter)
    __scatterload_null                       0x08000147   Thumb Code     0  __scatter.o(!!!scatter)
    __decompress                             0x0800016d   Thumb Code    90  __dczerorl2.o(!!dczerorl2)
    __decompress1                            0x0800016d   Thumb Code     0  __dczerorl2.o(!!dczerorl2)
    __scatterload_zeroinit                   0x080001c9   Thumb Code    28  __scatter_zi.o(!!handler_zi)
    __rt_lib_init                            0x080001e5   Thumb Code     0  libinit.o(.ARM.Collect$$libinit$$00000000)
    __rt_lib_init_alloca_1                   0x080001e7   Thumb Code     0  libinit2.o(.ARM.Collect$$libinit$$0000002E)
    __rt_lib_init_argv_1                     0x080001e7   Thumb Code     0  libinit2.o(.ARM.Collect$$libinit$$0000002C)
    __rt_lib_init_atexit_1                   0x080001e7   Thumb Code     0  libinit2.o(.ARM.Collect$$libinit$$0000001B)
    __rt_lib_init_clock_1                    0x080001e7   Thumb Code     0  libinit2.o(.ARM.Collect$$libinit$$00000021)
    __rt_lib_init_cpp_1                      0x080001e7   Thumb Code     0  libinit2.o(.ARM.Collect$$libinit$$00000032)
    __rt_lib_init_exceptions_1               0x080001e7   Thumb Code     0  libinit2.o(.ARM.Collect$$libinit$$00000030)
    __rt_lib_init_fp_1                       0x080001e7   Thumb Code     0  libinit2.o(.ARM.Collect$$libinit$$00000002)
    __rt_lib_init_fp_trap_1                  0x080001e7   Thumb Code     0  libinit2.o(.ARM.Collect$$libinit$$0000001F)
    __rt_lib_init_getenv_1                   0x080001e7   Thumb Code     0  libinit2.o(.ARM.Collect$$libinit$$00000023)
    __rt_lib_init_heap_1                     0x080001e7   Thumb Code     0  libinit2.o(.ARM.Collect$$libinit$$0000000A)
    __rt_lib_init_lc_collate_1               0x080001e7   Thumb Code     0  libinit2.o(.ARM.Collect$$libinit$$00000011)
    __rt_lib_init_lc_ctype_1                 0x080001e7   Thumb Code     0  libinit2.o(.ARM.Collect$$libinit$$00000013)
    __rt_lib_init_lc_monetary_1              0x080001e7   Thumb Code     0  libinit2.o(.ARM.Collect$$libinit$$00000015)
    __rt_lib_init_lc_numeric_1               0x080001e7   Thumb Code     0  libinit2.o(.ARM.Collect$$libinit$$00000017)
    __rt_lib_init_lc_time_1                  0x080001e7   Thumb Code     0  libinit2.o(.ARM.Collect$$libinit$$00000019)
    __rt_lib_init_preinit_1                  0x080001e7   Thumb Code     0  libinit2.o(.ARM.Collect$$libinit$$00000004)
    __rt_lib_init_rand_1                     0x080001e7   Thumb Code     0  libinit2.o(.ARM.Collect$$libinit$$0000000E)
    __rt_lib_init_return                     0x080001e7   Thumb Code     0  libinit2.o(.ARM.Collect$$libinit$$00000033)
    __rt_lib_init_signal_1                   0x080001e7   Thumb Code     0  libinit2.o(.ARM.Collect$$libinit$$0000001D)
    __rt_lib_init_stdio_1                    0x080001e7   Thumb Code     0  libinit2.o(.ARM.Collect$$libinit$$00000025)
    __rt_lib_init_user_alloc_1               0x080001e7   Thumb Code     0  libinit2.o(.ARM.Collect$$libinit$$0000000C)
    __rt_lib_shutdown                        0x080001e9   Thumb Code     0  libshutdown.o(.ARM.Collect$$libshutdown$$00000000)
    __rt_lib_shutdown_cpp_1                  0x080001eb   Thumb Code     0  libshutdown2.o(.ARM.Collect$$libshutdown$$00000002)
    __rt_lib_shutdown_fp_trap_1              0x080001eb   Thumb Code     0  libshutdown2.o(.ARM.Collect$$libshutdown$$00000007)
    __rt_lib_shutdown_heap_1                 0x080001eb   Thumb Code     0  libshutdown2.o(.ARM.Collect$$libshutdown$$0000000F)
    __rt_lib_shutdown_return                 0x080001eb   Thumb Code     0  libshutdown2.o(.ARM.Collect$$libshutdown$$00000010)
    __rt_lib_shutdown_signal_1               0x080001eb   Thumb Code     0  libshutdown2.o(.ARM.Collect$$libshutdown$$0000000A)
    __rt_lib_shutdown_stdio_1                0x080001eb   Thumb Code     0  libshutdown2.o(.ARM.Collect$$libshutdown$$00000004)
    __rt_lib_shutdown_user_alloc_1           0x080001eb   Thumb Code     0  libshutdown2.o(.ARM.Collect$$libshutdown$$0000000C)
    __rt_entry                               0x080001ed   Thumb Code     0  __rtentry.o(.ARM.Collect$$rtentry$$00000000)
    __rt_entry_presh_1                       0x080001ed   Thumb Code     0  __rtentry2.o(.ARM.Collect$$rtentry$$00000002)
    __rt_entry_sh                            0x080001ed   Thumb Code     0  __rtentry4.o(.ARM.Collect$$rtentry$$00000004)
    __rt_entry_li                            0x080001f3   Thumb Code     0  __rtentry2.o(.ARM.Collect$$rtentry$$0000000A)
    __rt_entry_postsh_1                      0x080001f3   Thumb Code     0  __rtentry2.o(.ARM.Collect$$rtentry$$00000009)
    __rt_entry_main                          0x080001f7   Thumb Code     0  __rtentry2.o(.ARM.Collect$$rtentry$$0000000D)
    __rt_entry_postli_1                      0x080001f7   Thumb Code     0  __rtentry2.o(.ARM.Collect$$rtentry$$0000000C)
    __rt_exit                                0x080001ff   Thumb Code     0  rtexit.o(.ARM.Collect$$rtexit$$00000000)
    __rt_exit_ls                             0x08000201   Thumb Code     0  rtexit2.o(.ARM.Collect$$rtexit$$00000003)
    __rt_exit_prels_1                        0x08000201   Thumb Code     0  rtexit2.o(.ARM.Collect$$rtexit$$00000002)
    __rt_exit_exit                           0x08000205   Thumb Code     0  rtexit2.o(.ARM.Collect$$rtexit$$00000004)
    Reset_Handler                            0x0800020d   Thumb Code     8  startup_stm32f103xe.o(.text)
    SVC_Handler                              0x0800021f   Thumb Code     2  startup_stm32f103xe.o(.text)
    ADC1_2_IRQHandler                        0x08000227   Thumb Code     0  startup_stm32f103xe.o(.text)
    ADC3_IRQHandler                          0x08000227   Thumb Code     0  startup_stm32f103xe.o(.text)
    CAN1_RX1_IRQHandler                      0x08000227   Thumb Code     0  startup_stm32f103xe.o(.text)
    CAN1_SCE_IRQHandler                      0x08000227   Thumb Code     0  startup_stm32f103xe.o(.text)
    DMA1_Channel1_IRQHandler                 0x08000227   Thumb Code     0  startup_stm32f103xe.o(.text)
    DMA1_Channel2_IRQHandler                 0x08000227   Thumb Code     0  startup_stm32f103xe.o(.text)
    DMA1_Channel3_IRQHandler                 0x08000227   Thumb Code     0  startup_stm32f103xe.o(.text)
    DMA1_Channel4_IRQHandler                 0x08000227   Thumb Code     0  startup_stm32f103xe.o(.text)
    DMA1_Channel5_IRQHandler                 0x08000227   Thumb Code     0  startup_stm32f103xe.o(.text)
    DMA1_Channel6_IRQHandler                 0x08000227   Thumb Code     0  startup_stm32f103xe.o(.text)
    DMA1_Channel7_IRQHandler                 0x08000227   Thumb Code     0  startup_stm32f103xe.o(.text)
    DMA2_Channel1_IRQHandler                 0x08000227   Thumb Code     0  startup_stm32f103xe.o(.text)
    DMA2_Channel2_IRQHandler                 0x08000227   Thumb Code     0  startup_stm32f103xe.o(.text)
    DMA2_Channel3_IRQHandler                 0x08000227   Thumb Code     0  startup_stm32f103xe.o(.text)
    DMA2_Channel4_5_IRQHandler               0x08000227   Thumb Code     0  startup_stm32f103xe.o(.text)
    FLASH_IRQHandler                         0x08000227   Thumb Code     0  startup_stm32f103xe.o(.text)
    FSMC_IRQHandler                          0x08000227   Thumb Code     0  startup_stm32f103xe.o(.text)
    I2C1_ER_IRQHandler                       0x08000227   Thumb Code     0  startup_stm32f103xe.o(.text)
    I2C1_EV_IRQHandler                       0x08000227   Thumb Code     0  startup_stm32f103xe.o(.text)
    I2C2_ER_IRQHandler                       0x08000227   Thumb Code     0  startup_stm32f103xe.o(.text)
    I2C2_EV_IRQHandler                       0x08000227   Thumb Code     0  startup_stm32f103xe.o(.text)
    PVD_IRQHandler                           0x08000227   Thumb Code     0  startup_stm32f103xe.o(.text)
    RCC_IRQHandler                           0x08000227   Thumb Code     0  startup_stm32f103xe.o(.text)
    RTC_Alarm_IRQHandler                     0x08000227   Thumb Code     0  startup_stm32f103xe.o(.text)
    RTC_IRQHandler                           0x08000227   Thumb Code     0  startup_stm32f103xe.o(.text)
    SDIO_IRQHandler                          0x08000227   Thumb Code     0  startup_stm32f103xe.o(.text)
    SPI1_IRQHandler                          0x08000227   Thumb Code     0  startup_stm32f103xe.o(.text)
    SPI2_IRQHandler                          0x08000227   Thumb Code     0  startup_stm32f103xe.o(.text)
    SPI3_IRQHandler                          0x08000227   Thumb Code     0  startup_stm32f103xe.o(.text)
    TAMPER_IRQHandler                        0x08000227   Thumb Code     0  startup_stm32f103xe.o(.text)
    TIM1_BRK_IRQHandler                      0x08000227   Thumb Code     0  startup_stm32f103xe.o(.text)
    TIM1_CC_IRQHandler                       0x08000227   Thumb Code     0  startup_stm32f103xe.o(.text)
    TIM1_TRG_COM_IRQHandler                  0x08000227   Thumb Code     0  startup_stm32f103xe.o(.text)
    TIM1_UP_IRQHandler                       0x08000227   Thumb Code     0  startup_stm32f103xe.o(.text)
    TIM2_IRQHandler                          0x08000227   Thumb Code     0  startup_stm32f103xe.o(.text)
    TIM3_IRQHandler                          0x08000227   Thumb Code     0  startup_stm32f103xe.o(.text)
    TIM4_IRQHandler                          0x08000227   Thumb Code     0  startup_stm32f103xe.o(.text)
    TIM5_IRQHandler                          0x08000227   Thumb Code     0  startup_stm32f103xe.o(.text)
    TIM6_IRQHandler                          0x08000227   Thumb Code     0  startup_stm32f103xe.o(.text)
    TIM7_IRQHandler                          0x08000227   Thumb Code     0  startup_stm32f103xe.o(.text)
    TIM8_BRK_IRQHandler                      0x08000227   Thumb Code     0  startup_stm32f103xe.o(.text)
    TIM8_CC_IRQHandler                       0x08000227   Thumb Code     0  startup_stm32f103xe.o(.text)
    TIM8_TRG_COM_IRQHandler                  0x08000227   Thumb Code     0  startup_stm32f103xe.o(.text)
    TIM8_UP_IRQHandler                       0x08000227   Thumb Code     0  startup_stm32f103xe.o(.text)
    UART4_IRQHandler                         0x08000227   Thumb Code     0  startup_stm32f103xe.o(.text)
    UART5_IRQHandler                         0x08000227   Thumb Code     0  startup_stm32f103xe.o(.text)
    USART2_IRQHandler                        0x08000227   Thumb Code     0  startup_stm32f103xe.o(.text)
    USART3_IRQHandler                        0x08000227   Thumb Code     0  startup_stm32f103xe.o(.text)
    USBWakeUp_IRQHandler                     0x08000227   Thumb Code     0  startup_stm32f103xe.o(.text)
    USB_HP_CAN1_TX_IRQHandler                0x08000227   Thumb Code     0  startup_stm32f103xe.o(.text)
    USB_LP_CAN1_RX0_IRQHandler               0x08000227   Thumb Code     0  startup_stm32f103xe.o(.text)
    WWDG_IRQHandler                          0x08000227   Thumb Code     0  startup_stm32f103xe.o(.text)
    __user_initial_stackheap                 0x08000229   Thumb Code     0  startup_stm32f103xe.o(.text)
    rt_hw_interrupt_disable                  0x0800024d   Thumb Code     8  context_rvds.o(.text)
    rt_hw_interrupt_enable                   0x08000255   Thumb Code     6  context_rvds.o(.text)
    rt_hw_context_switch                     0x0800025b   Thumb Code    32  context_rvds.o(.text)
    rt_hw_context_switch_interrupt           0x0800025b   Thumb Code     0  context_rvds.o(.text)
    PendSV_Handler                           0x0800027b   Thumb Code    60  context_rvds.o(.text)
    rt_hw_context_switch_to                  0x080002b7   Thumb Code    58  context_rvds.o(.text)
    rt_hw_interrupt_thread_switch            0x080002f1   Thumb Code     2  context_rvds.o(.text)
    HardFault_Handler                        0x080002f3   Thumb Code    52  context_rvds.o(.text)
    memcmp                                   0x08000341   Thumb Code    88  memcmp.o(.text)
    strcpy                                   0x08000399   Thumb Code    72  strcpy.o(.text)
    strlen                                   0x080003e1   Thumb Code    62  strlen.o(.text)
    strncmp                                  0x0800041f   Thumb Code   150  strncmp.o(.text)
    strcat                                   0x080004b5   Thumb Code    24  strcat.o(.text)
    __aeabi_memcpy                           0x080004cd   Thumb Code     0  rt_memcpy_v6.o(.text)
    __rt_memcpy                              0x080004cd   Thumb Code   138  rt_memcpy_v6.o(.text)
    _memcpy_lastbytes                        0x08000533   Thumb Code     0  rt_memcpy_v6.o(.text)
    __aeabi_memcpy4                          0x08000557   Thumb Code     0  rt_memcpy_w.o(.text)
    __aeabi_memcpy8                          0x08000557   Thumb Code     0  rt_memcpy_w.o(.text)
    __rt_memcpy_w                            0x08000557   Thumb Code   100  rt_memcpy_w.o(.text)
    _memcpy_lastbytes_aligned                0x0800059f   Thumb Code     0  rt_memcpy_w.o(.text)
    __aeabi_memclr                           0x080005bb   Thumb Code     0  rt_memclr.o(.text)
    __rt_memclr                              0x080005bb   Thumb Code    68  rt_memclr.o(.text)
    _memset                                  0x080005bf   Thumb Code     0  rt_memclr.o(.text)
    __aeabi_memclr4                          0x080005ff   Thumb Code     0  rt_memclr_w.o(.text)
    __aeabi_memclr8                          0x080005ff   Thumb Code     0  rt_memclr_w.o(.text)
    __rt_memclr_w                            0x080005ff   Thumb Code    78  rt_memclr_w.o(.text)
    _memset_w                                0x08000603   Thumb Code     0  rt_memclr_w.o(.text)
    strncpy                                  0x0800064d   Thumb Code    86  strncpy.o(.text)
    __use_two_region_memory                  0x080006a3   Thumb Code     2  heapauxi.o(.text)
    __rt_heap_escrow$2region                 0x080006a5   Thumb Code     2  heapauxi.o(.text)
    __rt_heap_expand$2region                 0x080006a7   Thumb Code     2  heapauxi.o(.text)
    __user_libspace                          0x080006a9   Thumb Code     8  libspace.o(.text)
    __user_perproc_libspace                  0x080006a9   Thumb Code     0  libspace.o(.text)
    __user_perthread_libspace                0x080006a9   Thumb Code     0  libspace.o(.text)
    __user_setup_stackheap                   0x080006b1   Thumb Code    74  sys_stackheap_outer.o(.text)
    exit                                     0x080006fb   Thumb Code    18  exit.o(.text)
    _sys_exit                                0x0800070d   Thumb Code     8  sys_exit.o(.text)
    __I$use$semihosting                      0x08000719   Thumb Code     0  use_no_semi.o(.text)
    __use_no_semihosting_swi                 0x08000719   Thumb Code     2  use_no_semi.o(.text)
    __semihosting_library_function           0x0800071b   Thumb Code     0  indicate_semi.o(.text)
    main                                     0x0800071b   Thumb Code    14  components.o(i.$Sub$$main)
    BusFault_Handler                         0x08000729   Thumb Code     4  stm32f1xx_it.o(i.BusFault_Handler)
    DebugMon_Handler                         0x0800072d   Thumb Code     2  stm32f1xx_it.o(i.DebugMon_Handler)
    EXTI0_IRQHandler                         0x0800072f   Thumb Code    18  drv_gpio.o(i.EXTI0_IRQHandler)
    EXTI15_10_IRQHandler                     0x08000741   Thumb Code    60  drv_gpio.o(i.EXTI15_10_IRQHandler)
    EXTI1_IRQHandler                         0x0800077d   Thumb Code    18  drv_gpio.o(i.EXTI1_IRQHandler)
    EXTI2_IRQHandler                         0x0800078f   Thumb Code    18  drv_gpio.o(i.EXTI2_IRQHandler)
    EXTI3_IRQHandler                         0x080007a1   Thumb Code    18  drv_gpio.o(i.EXTI3_IRQHandler)
    EXTI4_IRQHandler                         0x080007b3   Thumb Code    18  drv_gpio.o(i.EXTI4_IRQHandler)
    EXTI9_5_IRQHandler                       0x080007c5   Thumb Code    46  drv_gpio.o(i.EXTI9_5_IRQHandler)
    HAL_GPIO_EXTI_Callback                   0x08000861   Thumb Code    54  drv_gpio.o(i.HAL_GPIO_EXTI_Callback)
    HAL_GPIO_EXTI_IRQHandler                 0x0800089d   Thumb Code    24  stm32f1xx_hal_gpio.o(i.HAL_GPIO_EXTI_IRQHandler)
    HAL_GPIO_Init                            0x080008b9   Thumb Code   790  stm32f1xx_hal_gpio.o(i.HAL_GPIO_Init)
    HAL_GPIO_ReadPin                         0x08000bf9   Thumb Code    16  stm32f1xx_hal_gpio.o(i.HAL_GPIO_ReadPin)
    HAL_GPIO_WritePin                        0x08000c09   Thumb Code    12  stm32f1xx_hal_gpio.o(i.HAL_GPIO_WritePin)
    HAL_GetTick                              0x08000c15   Thumb Code     6  stm32f1xx_hal.o(i.HAL_GetTick)
    HAL_IncTick                              0x08000c21   Thumb Code    16  stm32f1xx_hal.o(i.HAL_IncTick)
    HAL_Init                                 0x08000c39   Thumb Code    34  stm32f1xx_hal.o(i.HAL_Init)
    HAL_InitTick                             0x08000c61   Thumb Code    64  stm32f1xx_hal.o(i.HAL_InitTick)
    HAL_MspInit                              0x08000cad   Thumb Code   132  board.o(i.HAL_MspInit)
    HAL_NVIC_DisableIRQ                      0x08000d39   Thumb Code    22  stm32f1xx_hal_cortex.o(i.HAL_NVIC_DisableIRQ)
    HAL_NVIC_EnableIRQ                       0x08000d55   Thumb Code    26  stm32f1xx_hal_cortex.o(i.HAL_NVIC_EnableIRQ)
    HAL_NVIC_SetPriority                     0x08000d6f   Thumb Code   124  stm32f1xx_hal_cortex.o(i.HAL_NVIC_SetPriority)
    HAL_NVIC_SetPriorityGrouping             0x08000ded   Thumb Code    32  stm32f1xx_hal_cortex.o(i.HAL_NVIC_SetPriorityGrouping)
    HAL_RCC_ClockConfig                      0x08000e15   Thumb Code   402  stm32f1xx_hal_rcc.o(i.HAL_RCC_ClockConfig)
    HAL_RCC_GetHCLKFreq                      0x08000fb9   Thumb Code     6  stm32f1xx_hal_rcc.o(i.HAL_RCC_GetHCLKFreq)
    HAL_RCC_GetPCLK1Freq                     0x08000fc5   Thumb Code    22  stm32f1xx_hal_rcc.o(i.HAL_RCC_GetPCLK1Freq)
    HAL_RCC_GetPCLK2Freq                     0x08000fe5   Thumb Code    22  stm32f1xx_hal_rcc.o(i.HAL_RCC_GetPCLK2Freq)
    HAL_RCC_GetSysClockFreq                  0x08001005   Thumb Code   116  stm32f1xx_hal_rcc.o(i.HAL_RCC_GetSysClockFreq)
    HAL_RCC_OscConfig                        0x08001099   Thumb Code  1078  stm32f1xx_hal_rcc.o(i.HAL_RCC_OscConfig)
    HAL_SYSTICK_CLKSourceConfig              0x080014d9   Thumb Code    40  stm32f1xx_hal_cortex.o(i.HAL_SYSTICK_CLKSourceConfig)
    HAL_SYSTICK_Config                       0x08001501   Thumb Code    52  stm32f1xx_hal_cortex.o(i.HAL_SYSTICK_Config)
    HAL_UART_Init                            0x08001535   Thumb Code   114  stm32f1xx_hal_uart.o(i.HAL_UART_Init)
    HAL_UART_MspInit                         0x080015a9   Thumb Code   366  drv_usart.o(i.HAL_UART_MspInit)
    MemManage_Handler                        0x0800177d   Thumb Code     4  stm32f1xx_it.o(i.MemManage_Handler)
    NMI_Handler                              0x08001781   Thumb Code     2  stm32f1xx_it.o(i.NMI_Handler)
    SysTick_Handler                          0x080017e5   Thumb Code    20  board.o(i.SysTick_Handler)
    SystemClock_Config                       0x080017f9   Thumb Code   136  board.o(i.SystemClock_Config)
    SystemInit                               0x08001895   Thumb Code    70  system_stm32f1xx.o(i.SystemInit)
    USART1_IRQHandler                        0x08001ab5   Thumb Code    18  drv_usart.o(i.USART1_IRQHandler)
    UsageFault_Handler                       0x08001acd   Thumb Code     4  stm32f1xx_it.o(i.UsageFault_Handler)
    __rt_ffs                                 0x08001ad1   Thumb Code    70  kservice.o(i.__rt_ffs)
    cmd_free                                 0x08002e25   Thumb Code    14  msh_cmd.o(i.cmd_free)
    cmd_ps                                   0x08002e33   Thumb Code    14  msh_cmd.o(i.cmd_ps)
    cmd_time                                 0x08002e41   Thumb Code     6  msh_cmd.o(i.cmd_time)
    finsh_get_prompt                         0x08002e49   Thumb Code    84  shell.o(i.finsh_get_prompt)
    finsh_set_device                         0x08002f55   Thumb Code   156  shell.o(i.finsh_set_device)
    finsh_set_prompt_mode                    0x08003031   Thumb Code    42  shell.o(i.finsh_set_prompt_mode)
    finsh_system_function_init               0x08003079   Thumb Code    10  shell.o(i.finsh_system_function_init)
    finsh_system_init                        0x0800308d   Thumb Code   100  shell.o(i.finsh_system_init)
    finsh_thread_entry                       0x08003129   Thumb Code  1272  shell.o(i.finsh_thread_entry)
    get_pin                                  0x08003629   Thumb Code    26  drv_gpio.o(i.get_pin)
    hello                                    0x080036c9   Thumb Code    12  cmd.o(i.hello)
    led                                      0x080036e9   Thumb Code    72  main.o(i.led)
    list                                     0x08003755   Thumb Code    54  cmd.o(i.list)
    list_device                              0x080037bd   Thumb Code    18  cmd.o(i.list_device)
    list_event                               0x080037cf   Thumb Code    18  cmd.o(i.list_event)
    list_mailbox                             0x080037e1   Thumb Code    18  cmd.o(i.list_mailbox)
    list_mem                                 0x080037f5   Thumb Code    34  mem.o(i.list_mem)
    list_memheap                             0x0800386d   Thumb Code    18  cmd.o(i.list_memheap)
    list_mempool                             0x0800387f   Thumb Code    18  cmd.o(i.list_mempool)
    list_msgqueue                            0x08003891   Thumb Code    18  cmd.o(i.list_msgqueue)
    list_mutex                               0x080038a3   Thumb Code    18  cmd.o(i.list_mutex)
    list_sem                                 0x080038b5   Thumb Code    18  cmd.o(i.list_sem)
    list_thread                              0x080038c7   Thumb Code    18  cmd.o(i.list_thread)
    list_timer                               0x080038d9   Thumb Code    18  cmd.o(i.list_timer)
    $Super$$main                             0x080038eb   Thumb Code     4  main.o(i.main)
    main_thread_entry                        0x080038ef   Thumb Code    14  components.o(i.main_thread_entry)
    msh_auto_complete                        0x080039e5   Thumb Code   138  msh.o(i.msh_auto_complete)
    msh_exec                                 0x08003a85   Thumb Code    82  msh.o(i.msh_exec)
    msh_help                                 0x08003b4d   Thumb Code    66  msh.o(i.msh_help)
    msh_is_used                              0x08003bcd   Thumb Code     4  msh.o(i.msh_is_used)
    rt_application_init                      0x08003fbd   Thumb Code    46  components.o(i.rt_application_init)
    rt_assert_handler                        0x0800400d   Thumb Code    56  kservice.o(i.rt_assert_handler)
    rt_calloc                                0x08004081   Thumb Code    80  mem.o(i.rt_calloc)
    rt_completion_done                       0x08004101   Thumb Code    76  completion.o(i.rt_completion_done)
    rt_completion_init                       0x08004169   Thumb Code    42  completion.o(i.rt_completion_init)
    rt_completion_wait                       0x080041b1   Thumb Code   198  completion.o(i.rt_completion_wait)
    rt_components_board_init                 0x080042f1   Thumb Code    20  components.o(i.rt_components_board_init)
    rt_components_init                       0x0800430d   Thumb Code    20  components.o(i.rt_components_init)
    rt_console_get_device                    0x08004329   Thumb Code     6  kservice.o(i.rt_console_get_device)
    rt_console_set_device                    0x08004335   Thumb Code    48  kservice.o(i.rt_console_set_device)
    rt_data_queue_init                       0x08004369   Thumb Code    76  dataqueue.o(i.rt_data_queue_init)
    rt_data_queue_peak                       0x080043cd   Thumb Code   104  dataqueue.o(i.rt_data_queue_peak)
    rt_data_queue_pop                        0x0800444d   Thumb Code   342  dataqueue.o(i.rt_data_queue_pop)
    rt_data_queue_push                       0x0800460d   Thumb Code   282  dataqueue.o(i.rt_data_queue_push)
    rt_device_close                          0x0800476d   Thumb Code    92  device.o(i.rt_device_close)
    rt_device_find                           0x08004819   Thumb Code    94  device.o(i.rt_device_find)
    rt_device_open                           0x08004895   Thumb Code   174  device.o(i.rt_device_open)
    rt_device_pin_register                   0x080049e1   Thumb Code    56  pin.o(i.rt_device_pin_register)
    rt_device_read                           0x08004a29   Thumb Code    98  device.o(i.rt_device_read)
    rt_device_register                       0x08004add   Thumb Code    52  device.o(i.rt_device_register)
    rt_device_set_rx_indicate                0x08004b11   Thumb Code    48  device.o(i.rt_device_set_rx_indicate)
    rt_device_write                          0x08004b91   Thumb Code    98  device.o(i.rt_device_write)
    rt_enter_critical                        0x08004da1   Thumb Code    28  scheduler.o(i.rt_enter_critical)
    rt_exit_critical                         0x08004dc1   Thumb Code    54  scheduler.o(i.rt_exit_critical)
    rt_free                                  0x08004dfd   Thumb Code   278  mem.o(i.rt_free)
    rt_hw_board_init                         0x08005009   Thumb Code    30  board.o(i.rt_hw_board_init)
    rt_hw_console_output                     0x08005039   Thumb Code     2  kservice.o(i.rt_hw_console_output)
    rt_hw_hard_fault_exception               0x0800503d   Thumb Code   198  cpuport.o(i.rt_hw_hard_fault_exception)
    rt_hw_pin_init                           0x08005245   Thumb Code    18  drv_gpio.o(i.rt_hw_pin_init)
    rt_hw_serial_isr                         0x08005261   Thumb Code   390  serial.o(i.rt_hw_serial_isr)
    rt_hw_serial_register                    0x0800543d   Thumb Code    80  serial.o(i.rt_hw_serial_register)
    rt_hw_stack_init                         0x080054bd   Thumb Code    70  cpuport.o(i.rt_hw_stack_init)
    rt_hw_usart_init                         0x08005509   Thumb Code    58  drv_usart.o(i.rt_hw_usart_init)
    rt_interrupt_enter                       0x0800555d   Thumb Code    46  irq.o(i.rt_interrupt_enter)
    rt_interrupt_get_nest                    0x08005595   Thumb Code     6  irq.o(i.rt_interrupt_get_nest)
    rt_interrupt_leave                       0x080055a1   Thumb Code    46  irq.o(i.rt_interrupt_leave)
    rt_kprintf                               0x0800566d   Thumb Code    96  kservice.o(i.rt_kprintf)
    rt_malloc                                0x080057c1   Thumb Code   522  mem.o(i.rt_malloc)
    rt_memcpy                                0x08005a7d   Thumb Code   124  kservice.o(i.rt_memcpy)
    rt_memmove                               0x08005af9   Thumb Code    66  kservice.o(i.rt_memmove)
    rt_memset                                0x08005b3b   Thumb Code    72  kservice.o(i.rt_memset)
    rt_mp_create                             0x08005b85   Thumb Code   174  mempool.o(i.rt_mp_create)
    rt_mp_free                               0x08005c65   Thumb Code    98  mempool.o(i.rt_mp_free)
    rt_object_allocate                       0x08005ccd   Thumb Code   158  object.o(i.rt_object_allocate)
    rt_object_delete                         0x08005db9   Thumb Code    88  object.o(i.rt_object_delete)
    rt_object_detach                         0x08005e59   Thumb Code    62  object.o(i.rt_object_detach)
    rt_object_get_information                0x08005eb5   Thumb Code    36  object.o(i.rt_object_get_information)
    rt_object_get_type                       0x08005edd   Thumb Code    26  object.o(i.rt_object_get_type)
    rt_object_init                           0x08005f11   Thumb Code    92  object.o(i.rt_object_init)
    rt_object_is_systemobject                0x08005f8d   Thumb Code    34  object.o(i.rt_object_is_systemobject)
    rt_pin_mode                              0x08005fc9   Thumb Code    38  pin.o(i.rt_pin_mode)
    rt_pin_read                              0x08006011   Thumb Code    34  pin.o(i.rt_pin_read)
    rt_pin_write                             0x08006055   Thumb Code    38  pin.o(i.rt_pin_write)
    rt_schedule                              0x0800609d   Thumb Code   160  scheduler.o(i.rt_schedule)
    rt_schedule_insert_thread                0x08006159   Thumb Code    90  scheduler.o(i.rt_schedule_insert_thread)
    rt_schedule_remove_thread                0x080061d5   Thumb Code    94  scheduler.o(i.rt_schedule_remove_thread)
    rt_sem_init                              0x08006255   Thumb Code    50  ipc.o(i.rt_sem_init)
    rt_sem_release                           0x0800629d   Thumb Code   116  ipc.o(i.rt_sem_release)
    rt_sem_take                              0x0800632d   Thumb Code   288  ipc.o(i.rt_sem_take)
    rt_set_errno                             0x08006ab5   Thumb Code    36  kservice.o(i.rt_set_errno)
    rt_show_version                          0x08006add   Thumb Code    38  kservice.o(i.rt_show_version)
    rt_strlen                                0x08006b8d   Thumb Code    18  kservice.o(i.rt_strlen)
    rt_strncmp                               0x08006b9f   Thumb Code    40  kservice.o(i.rt_strncmp)
    rt_strncpy                               0x08006bc7   Thumb Code    52  kservice.o(i.rt_strncpy)
    rt_system_heap_init                      0x08006bfd   Thumb Code   204  mem.o(i.rt_system_heap_init)
    rt_system_scheduler_init                 0x08006d51   Thumb Code    56  scheduler.o(i.rt_system_scheduler_init)
    rt_system_scheduler_start                0x08006da1   Thumb Code    36  scheduler.o(i.rt_system_scheduler_start)
    rt_system_signal_init                    0x08006dd1   Thumb Code    38  signal.o(i.rt_system_signal_init)
    rt_system_timer_init                     0x08006e0d   Thumb Code    24  timer.o(i.rt_system_timer_init)
    rt_system_timer_thread_init              0x08006e29   Thumb Code     2  timer.o(i.rt_system_timer_thread_init)
    rt_thread_create                         0x08006e2b   Thumb Code    80  thread.o(i.rt_thread_create)
    rt_thread_exit                           0x08006e7d   Thumb Code    78  thread.o(i.rt_thread_exit)
    rt_thread_free_sig                       0x08006ed5   Thumb Code    66  signal.o(i.rt_thread_free_sig)
    rt_thread_handle_sig                     0x08006f17   Thumb Code   156  signal.o(i.rt_thread_handle_sig)
    rt_thread_idle_excute                    0x08006fdd   Thumb Code   178  idle.o(i.rt_thread_idle_excute)
    rt_thread_idle_init                      0x080070c5   Thumb Code    38  idle.o(i.rt_thread_idle_init)
    rt_thread_init                           0x08007101   Thumb Code    74  thread.o(i.rt_thread_init)
    rt_thread_mdelay                         0x0800717d   Thumb Code    20  thread.o(i.rt_thread_mdelay)
    rt_thread_resume                         0x08007191   Thumb Code   120  thread.o(i.rt_thread_resume)
    rt_thread_self                           0x08007229   Thumb Code     6  thread.o(i.rt_thread_self)
    rt_thread_sleep                          0x08007235   Thumb Code    96  thread.o(i.rt_thread_sleep)
    rt_thread_startup                        0x080072b5   Thumb Code   108  thread.o(i.rt_thread_startup)
    rt_thread_suspend                        0x08007375   Thumb Code   128  thread.o(i.rt_thread_suspend)
    rt_thread_timeout                        0x08007415   Thumb Code    90  thread.o(i.rt_thread_timeout)
    rt_thread_yield                          0x080074c9   Thumb Code    92  thread.o(i.rt_thread_yield)
    rt_tick_from_millisecond                 0x0800752d   Thumb Code    30  clock.o(i.rt_tick_from_millisecond)
    rt_tick_get                              0x0800754d   Thumb Code     6  clock.o(i.rt_tick_get)
    rt_tick_increase                         0x08007559   Thumb Code    42  clock.o(i.rt_tick_increase)
    rt_timer_check                           0x08007589   Thumb Code   148  timer.o(i.rt_timer_check)
    rt_timer_control                         0x08007625   Thumb Code    98  timer.o(i.rt_timer_control)
    rt_timer_detach                          0x080076dd   Thumb Code    82  timer.o(i.rt_timer_detach)
    rt_timer_init                            0x080077b1   Thumb Code    58  timer.o(i.rt_timer_init)
    rt_timer_start                           0x08007805   Thumb Code   314  timer.o(i.rt_timer_start)
    rt_timer_stop                            0x080079c5   Thumb Code   102  timer.o(i.rt_timer_stop)
    rt_vsnprintf                             0x08007a85   Thumb Code   800  kservice.o(i.rt_vsnprintf)
    rtthread_startup                         0x08007dbd   Thumb Code    46  components.o(i.rtthread_startup)
    stm32_pin_attach_irq                     0x0800813d   Thumb Code   216  drv_gpio.o(i.stm32_pin_attach_irq)
    stm32_pin_dettach_irq                    0x08008219   Thumb Code   134  drv_gpio.o(i.stm32_pin_dettach_irq)
    stm32_pin_irq_enable                     0x080082a5   Thumb Code   258  drv_gpio.o(i.stm32_pin_irq_enable)
    stm32_pin_mode                           0x080083bd   Thumb Code   120  drv_gpio.o(i.stm32_pin_mode)
    stm32_pin_read                           0x08008435   Thumb Code    42  drv_gpio.o(i.stm32_pin_read)
    stm32_pin_write                          0x0800845f   Thumb Code    40  drv_gpio.o(i.stm32_pin_write)
    thread_sample                            0x0800855d   Thumb Code    84  creat_thread.o(i.thread_sample)
    version                                  0x08008709   Thumb Code    10  cmd.o(i.version)
    AHBPrescTable                            0x08008b00   Data          16  system_stm32f1xx.o(.constdata)
    APBPrescTable                            0x08008b10   Data           8  system_stm32f1xx.o(.constdata)
    __lowest_bit_bitmap                      0x08008e02   Data         256  kservice.o(.constdata)
    __fsym___cmd_led_name                    0x080097c1   Data          10  main.o(.rodata.name)
    __fsym___cmd_led_desc                    0x080097cb   Data          27  main.o(.rodata.name)
    __fsym___cmd_thread_sample_name          0x080097e6   Data          20  creat_thread.o(.rodata.name)
    __fsym___cmd_thread_sample_desc          0x080097fa   Data          14  creat_thread.o(.rodata.name)
    __fsym_list_mem_name                     0x08009808   Data           9  mem.o(.rodata.name)
    __fsym_list_mem_desc                     0x08009811   Data          30  mem.o(.rodata.name)
    __fsym_pinMode_name                      0x0800982f   Data           8  pin.o(.rodata.name)
    __fsym_pinMode_desc                      0x08009837   Data          22  pin.o(.rodata.name)
    __fsym_pinWrite_name                     0x0800984d   Data           9  pin.o(.rodata.name)
    __fsym_pinWrite_desc                     0x08009856   Data          28  pin.o(.rodata.name)
    __fsym_pinRead_name                      0x08009872   Data           8  pin.o(.rodata.name)
    __fsym_pinRead_desc                      0x0800987a   Data          30  pin.o(.rodata.name)
    __fsym_hello_name                        0x08009898   Data           6  cmd.o(.rodata.name)
    __fsym_hello_desc                        0x0800989e   Data          16  cmd.o(.rodata.name)
    __fsym_version_name                      0x080098ae   Data           8  cmd.o(.rodata.name)
    __fsym_version_desc                      0x080098b6   Data          35  cmd.o(.rodata.name)
    __fsym___cmd_version_name                0x080098d9   Data          14  cmd.o(.rodata.name)
    __fsym___cmd_version_desc                0x080098e7   Data          35  cmd.o(.rodata.name)
    __fsym_list_thread_name                  0x0800990a   Data          12  cmd.o(.rodata.name)
    __fsym_list_thread_desc                  0x08009916   Data          12  cmd.o(.rodata.name)
    __fsym___cmd_list_thread_name            0x08009922   Data          18  cmd.o(.rodata.name)
    __fsym___cmd_list_thread_desc            0x08009934   Data          12  cmd.o(.rodata.name)
    __fsym_list_sem_name                     0x08009940   Data           9  cmd.o(.rodata.name)
    __fsym_list_sem_desc                     0x08009949   Data          25  cmd.o(.rodata.name)
    __fsym___cmd_list_sem_name               0x08009962   Data          15  cmd.o(.rodata.name)
    __fsym___cmd_list_sem_desc               0x08009971   Data          25  cmd.o(.rodata.name)
    __fsym_list_event_name                   0x0800998a   Data          11  cmd.o(.rodata.name)
    __fsym_list_event_desc                   0x08009995   Data          21  cmd.o(.rodata.name)
    __fsym___cmd_list_event_name             0x080099aa   Data          17  cmd.o(.rodata.name)
    __fsym___cmd_list_event_desc             0x080099bb   Data          21  cmd.o(.rodata.name)
    __fsym_list_mutex_name                   0x080099d0   Data          11  cmd.o(.rodata.name)
    __fsym_list_mutex_desc                   0x080099db   Data          21  cmd.o(.rodata.name)
    __fsym___cmd_list_mutex_name             0x080099f0   Data          17  cmd.o(.rodata.name)
    __fsym___cmd_list_mutex_desc             0x08009a01   Data          21  cmd.o(.rodata.name)
    __fsym_list_mailbox_name                 0x08009a16   Data          13  cmd.o(.rodata.name)
    __fsym_list_mailbox_desc                 0x08009a23   Data          24  cmd.o(.rodata.name)
    __fsym___cmd_list_mailbox_name           0x08009a3b   Data          19  cmd.o(.rodata.name)
    __fsym___cmd_list_mailbox_desc           0x08009a4e   Data          24  cmd.o(.rodata.name)
    __fsym_list_msgqueue_name                0x08009a66   Data          14  cmd.o(.rodata.name)
    __fsym_list_msgqueue_desc                0x08009a74   Data          29  cmd.o(.rodata.name)
    __fsym___cmd_list_msgqueue_name          0x08009a91   Data          20  cmd.o(.rodata.name)
    __fsym___cmd_list_msgqueue_desc          0x08009aa5   Data          29  cmd.o(.rodata.name)
    __fsym_list_memheap_name                 0x08009ac2   Data          13  cmd.o(.rodata.name)
    __fsym_list_memheap_desc                 0x08009acf   Data          27  cmd.o(.rodata.name)
    __fsym___cmd_list_memheap_name           0x08009aea   Data          19  cmd.o(.rodata.name)
    __fsym___cmd_list_memheap_desc           0x08009afd   Data          27  cmd.o(.rodata.name)
    __fsym_list_mempool_name                 0x08009b18   Data          13  cmd.o(.rodata.name)
    __fsym_list_mempool_desc                 0x08009b25   Data          27  cmd.o(.rodata.name)
    __fsym___cmd_list_mempool_name           0x08009b40   Data          19  cmd.o(.rodata.name)
    __fsym___cmd_list_mempool_desc           0x08009b53   Data          27  cmd.o(.rodata.name)
    __fsym_list_timer_name                   0x08009b6e   Data          11  cmd.o(.rodata.name)
    __fsym_list_timer_desc                   0x08009b79   Data          21  cmd.o(.rodata.name)
    __fsym___cmd_list_timer_name             0x08009b8e   Data          17  cmd.o(.rodata.name)
    __fsym___cmd_list_timer_desc             0x08009b9f   Data          21  cmd.o(.rodata.name)
    __fsym_list_device_name                  0x08009bb4   Data          12  cmd.o(.rodata.name)
    __fsym_list_device_desc                  0x08009bc0   Data          22  cmd.o(.rodata.name)
    __fsym___cmd_list_device_name            0x08009bd6   Data          18  cmd.o(.rodata.name)
    __fsym___cmd_list_device_desc            0x08009be8   Data          22  cmd.o(.rodata.name)
    __fsym_list_name                         0x08009bfe   Data           5  cmd.o(.rodata.name)
    __fsym_list_desc                         0x08009c03   Data          26  cmd.o(.rodata.name)
    __fsym___cmd_help_name                   0x08009c1d   Data          11  msh.o(.rodata.name)
    __fsym___cmd_help_desc                   0x08009c28   Data          22  msh.o(.rodata.name)
    __fsym___cmd_ps_name                     0x08009c3e   Data           9  msh_cmd.o(.rodata.name)
    __fsym___cmd_ps_desc                     0x08009c47   Data          28  msh_cmd.o(.rodata.name)
    __fsym___cmd_time_name                   0x08009c63   Data          11  msh_cmd.o(.rodata.name)
    __fsym___cmd_time_desc                   0x08009c6e   Data          27  msh_cmd.o(.rodata.name)
    __fsym___cmd_free_name                   0x08009c89   Data          11  msh_cmd.o(.rodata.name)
    __fsym___cmd_free_desc                   0x08009c94   Data          37  msh_cmd.o(.rodata.name)
    __rt_init_rti_start                      0x08009cbc   Data           4  components.o(.rti_fn.0)
    __rt_init_rti_board_start                0x08009cc0   Data           4  components.o(.rti_fn.0.end)
    __rt_init_rt_hw_usart_init               0x08009cc4   Data           4  drv_usart.o(.rti_fn.1)
    __rt_init_rt_hw_pin_init                 0x08009cc8   Data           4  drv_gpio.o(.rti_fn.1)
    __rt_init_rti_board_end                  0x08009ccc   Data           4  components.o(.rti_fn.1.end)
    __rt_init_finsh_system_init              0x08009cd0   Data           4  shell.o(.rti_fn.6)
    __rt_init_rti_end                        0x08009cd4   Data           4  components.o(.rti_fn.6.end)
    FSymTab$$Base                            0x08009cd8   Number         0  main.o(FSymTab)
    __fsym___cmd_led                         0x08009cd8   Data          12  main.o(FSymTab)
    __fsym___cmd_thread_sample               0x08009ce4   Data          12  creat_thread.o(FSymTab)
    __fsym_list_mem                          0x08009cf0   Data          12  mem.o(FSymTab)
    __fsym_pinMode                           0x08009cfc   Data          12  pin.o(FSymTab)
    __fsym_pinWrite                          0x08009d08   Data          12  pin.o(FSymTab)
    __fsym_pinRead                           0x08009d14   Data          12  pin.o(FSymTab)
    __fsym_hello                             0x08009d20   Data          12  cmd.o(FSymTab)
    __fsym_version                           0x08009d2c   Data          12  cmd.o(FSymTab)
    __fsym___cmd_version                     0x08009d38   Data          12  cmd.o(FSymTab)
    __fsym_list_thread                       0x08009d44   Data          12  cmd.o(FSymTab)
    __fsym___cmd_list_thread                 0x08009d50   Data          12  cmd.o(FSymTab)
    __fsym_list_sem                          0x08009d5c   Data          12  cmd.o(FSymTab)
    __fsym___cmd_list_sem                    0x08009d68   Data          12  cmd.o(FSymTab)
    __fsym_list_event                        0x08009d74   Data          12  cmd.o(FSymTab)
    __fsym___cmd_list_event                  0x08009d80   Data          12  cmd.o(FSymTab)
    __fsym_list_mutex                        0x08009d8c   Data          12  cmd.o(FSymTab)
    __fsym___cmd_list_mutex                  0x08009d98   Data          12  cmd.o(FSymTab)
    __fsym_list_mailbox                      0x08009da4   Data          12  cmd.o(FSymTab)
    __fsym___cmd_list_mailbox                0x08009db0   Data          12  cmd.o(FSymTab)
    __fsym_list_msgqueue                     0x08009dbc   Data          12  cmd.o(FSymTab)
    __fsym___cmd_list_msgqueue               0x08009dc8   Data          12  cmd.o(FSymTab)
    __fsym_list_memheap                      0x08009dd4   Data          12  cmd.o(FSymTab)
    __fsym___cmd_list_memheap                0x08009de0   Data          12  cmd.o(FSymTab)
    __fsym_list_mempool                      0x08009dec   Data          12  cmd.o(FSymTab)
    __fsym___cmd_list_mempool                0x08009df8   Data          12  cmd.o(FSymTab)
    __fsym_list_timer                        0x08009e04   Data          12  cmd.o(FSymTab)
    __fsym___cmd_list_timer                  0x08009e10   Data          12  cmd.o(FSymTab)
    __fsym_list_device                       0x08009e1c   Data          12  cmd.o(FSymTab)
    __fsym___cmd_list_device                 0x08009e28   Data          12  cmd.o(FSymTab)
    __fsym_list                              0x08009e34   Data          12  cmd.o(FSymTab)
    __fsym___cmd_help                        0x08009e40   Data          12  msh.o(FSymTab)
    __fsym___cmd_ps                          0x08009e4c   Data          12  msh_cmd.o(FSymTab)
    __fsym___cmd_time                        0x08009e58   Data          12  msh_cmd.o(FSymTab)
    __fsym___cmd_free                        0x08009e64   Data          12  msh_cmd.o(FSymTab)
    FSymTab$$Limit                           0x08009e70   Number         0  msh_cmd.o(FSymTab)
    Region$$Table$$Base                      0x08009e70   Number         0  anon$$obj.o(Region$$Table)
    Region$$Table$$Limit                     0x08009e90   Number         0  anon$$obj.o(Region$$Table)
    uart1                                    0x20000004   Data          68  drv_usart.o(.data)
    pin_irq_hdr_tab                          0x20000048   Data         192  drv_gpio.o(.data)
    uwTick                                   0x20000108   Data           4  stm32f1xx_hal.o(.data)
    uwTickPrio                               0x2000010c   Data           4  stm32f1xx_hal.o(.data)
    uwTickFreq                               0x20000110   Data           1  stm32f1xx_hal.o(.data)
    SystemCoreClock                          0x20000114   Data           4  system_stm32f1xx.o(.data)
    rt_interrupt_nest                        0x20000124   Data           1  irq.o(.data)
    rt_assert_hook                           0x20000130   Data           4  kservice.o(.data)
    rt_object_trytake_hook                   0x20000204   Data           4  object.o(.data)
    rt_object_take_hook                      0x20000208   Data           4  object.o(.data)
    rt_object_put_hook                       0x2000020c   Data           4  object.o(.data)
    rt_current_thread                        0x20000214   Data           4  scheduler.o(.data)
    rt_current_priority                      0x20000218   Data           1  scheduler.o(.data)
    rt_thread_ready_priority_group           0x2000021c   Data           4  scheduler.o(.data)
    rt_thread_defunct                        0x20000220   Data           8  scheduler.o(.data)
    rt_interrupt_from_thread                 0x2000024c   Data           4  cpuport.o(.data)
    rt_interrupt_to_thread                   0x20000250   Data           4  cpuport.o(.data)
    rt_thread_switch_interrupt_flag          0x20000254   Data           4  cpuport.o(.data)
    shell                                    0x2000025c   Data           4  shell.o(.data)
    _syscall_table_begin                     0x20000264   Data           4  symbol.o(.data)
    _syscall_table_end                       0x20000268   Data           4  symbol.o(.data)
    _sysvar_table_begin                      0x2000026c   Data           4  symbol.o(.data)
    _sysvar_table_end                        0x20000270   Data           4  symbol.o(.data)
    serial1                                  0x20000708   Data          84  drv_usart.o(.bss)
    rt_thread_priority_table                 0x200009a0   Data         256  scheduler.o(.bss)
    __libspace_start                         0x20000b68   Data          96  libspace.o(.bss)
    __temporary_stack_top$libspace           0x20000bc8   Data           0  libspace.o(.bss)
    Image$$RW_IRAM1$$ZI$$Limit               0x200011c8   Number         0  anon$$obj.o ABSOLUTE



==============================================================================

Memory Map of the image

  Image Entry point : 0x08000131

  Load Region LR_IROM1 (Base: 0x08000000, Size: 0x0000a104, Max: 0x00010000, ABSOLUTE, COMPRESSED[0x00009f04])

    Execution Region ER_IROM1 (Base: 0x08000000, Size: 0x00009e90, Max: 0x00010000, ABSOLUTE)

    Base Addr    Size         Type   Attr      Idx    E Section Name        Object

    0x08000000   0x00000130   Data   RO         3697    RESET               startup_stm32f103xe.o
    0x08000130   0x00000008   Code   RO         7001  * !!!main             c_w.l(__main.o)
    0x08000138   0x00000034   Code   RO         7181    !!!scatter          c_w.l(__scatter.o)
    0x0800016c   0x0000005a   Code   RO         7179    !!dczerorl2         c_w.l(__dczerorl2.o)
    0x080001c6   0x00000002   PAD
    0x080001c8   0x0000001c   Code   RO         7183    !!handler_zi        c_w.l(__scatter_zi.o)
    0x080001e4   0x00000002   Code   RO         7052    .ARM.Collect$$libinit$$00000000  c_w.l(libinit.o)
    0x080001e6   0x00000000   Code   RO         7056    .ARM.Collect$$libinit$$00000002  c_w.l(libinit2.o)
    0x080001e6   0x00000000   Code   RO         7058    .ARM.Collect$$libinit$$00000004  c_w.l(libinit2.o)
    0x080001e6   0x00000000   Code   RO         7061    .ARM.Collect$$libinit$$0000000A  c_w.l(libinit2.o)
    0x080001e6   0x00000000   Code   RO         7063    .ARM.Collect$$libinit$$0000000C  c_w.l(libinit2.o)
    0x080001e6   0x00000000   Code   RO         7065    .ARM.Collect$$libinit$$0000000E  c_w.l(libinit2.o)
    0x080001e6   0x00000000   Code   RO         7068    .ARM.Collect$$libinit$$00000011  c_w.l(libinit2.o)
    0x080001e6   0x00000000   Code   RO         7070    .ARM.Collect$$libinit$$00000013  c_w.l(libinit2.o)
    0x080001e6   0x00000000   Code   RO         7072    .ARM.Collect$$libinit$$00000015  c_w.l(libinit2.o)
    0x080001e6   0x00000000   Code   RO         7074    .ARM.Collect$$libinit$$00000017  c_w.l(libinit2.o)
    0x080001e6   0x00000000   Code   RO         7076    .ARM.Collect$$libinit$$00000019  c_w.l(libinit2.o)
    0x080001e6   0x00000000   Code   RO         7078    .ARM.Collect$$libinit$$0000001B  c_w.l(libinit2.o)
    0x080001e6   0x00000000   Code   RO         7080    .ARM.Collect$$libinit$$0000001D  c_w.l(libinit2.o)
    0x080001e6   0x00000000   Code   RO         7082    .ARM.Collect$$libinit$$0000001F  c_w.l(libinit2.o)
    0x080001e6   0x00000000   Code   RO         7084    .ARM.Collect$$libinit$$00000021  c_w.l(libinit2.o)
    0x080001e6   0x00000000   Code   RO         7086    .ARM.Collect$$libinit$$00000023  c_w.l(libinit2.o)
    0x080001e6   0x00000000   Code   RO         7088    .ARM.Collect$$libinit$$00000025  c_w.l(libinit2.o)
    0x080001e6   0x00000000   Code   RO         7092    .ARM.Collect$$libinit$$0000002C  c_w.l(libinit2.o)
    0x080001e6   0x00000000   Code   RO         7094    .ARM.Collect$$libinit$$0000002E  c_w.l(libinit2.o)
    0x080001e6   0x00000000   Code   RO         7096    .ARM.Collect$$libinit$$00000030  c_w.l(libinit2.o)
    0x080001e6   0x00000000   Code   RO         7098    .ARM.Collect$$libinit$$00000032  c_w.l(libinit2.o)
    0x080001e6   0x00000002   Code   RO         7099    .ARM.Collect$$libinit$$00000033  c_w.l(libinit2.o)
    0x080001e8   0x00000002   Code   RO         7119    .ARM.Collect$$libshutdown$$00000000  c_w.l(libshutdown.o)
    0x080001ea   0x00000000   Code   RO         7132    .ARM.Collect$$libshutdown$$00000002  c_w.l(libshutdown2.o)
    0x080001ea   0x00000000   Code   RO         7134    .ARM.Collect$$libshutdown$$00000004  c_w.l(libshutdown2.o)
    0x080001ea   0x00000000   Code   RO         7137    .ARM.Collect$$libshutdown$$00000007  c_w.l(libshutdown2.o)
    0x080001ea   0x00000000   Code   RO         7140    .ARM.Collect$$libshutdown$$0000000A  c_w.l(libshutdown2.o)
    0x080001ea   0x00000000   Code   RO         7142    .ARM.Collect$$libshutdown$$0000000C  c_w.l(libshutdown2.o)
    0x080001ea   0x00000000   Code   RO         7145    .ARM.Collect$$libshutdown$$0000000F  c_w.l(libshutdown2.o)
    0x080001ea   0x00000002   Code   RO         7146    .ARM.Collect$$libshutdown$$00000010  c_w.l(libshutdown2.o)
    0x080001ec   0x00000000   Code   RO         7003    .ARM.Collect$$rtentry$$00000000  c_w.l(__rtentry.o)
    0x080001ec   0x00000000   Code   RO         7015    .ARM.Collect$$rtentry$$00000002  c_w.l(__rtentry2.o)
    0x080001ec   0x00000006   Code   RO         7027    .ARM.Collect$$rtentry$$00000004  c_w.l(__rtentry4.o)
    0x080001f2   0x00000000   Code   RO         7017    .ARM.Collect$$rtentry$$00000009  c_w.l(__rtentry2.o)
    0x080001f2   0x00000004   Code   RO         7018    .ARM.Collect$$rtentry$$0000000A  c_w.l(__rtentry2.o)
    0x080001f6   0x00000000   Code   RO         7020    .ARM.Collect$$rtentry$$0000000C  c_w.l(__rtentry2.o)
    0x080001f6   0x00000008   Code   RO         7021    .ARM.Collect$$rtentry$$0000000D  c_w.l(__rtentry2.o)
    0x080001fe   0x00000002   Code   RO         7053    .ARM.Collect$$rtexit$$00000000  c_w.l(rtexit.o)
    0x08000200   0x00000000   Code   RO         7101    .ARM.Collect$$rtexit$$00000002  c_w.l(rtexit2.o)
    0x08000200   0x00000004   Code   RO         7102    .ARM.Collect$$rtexit$$00000003  c_w.l(rtexit2.o)
    0x08000204   0x00000006   Code   RO         7103    .ARM.Collect$$rtexit$$00000004  c_w.l(rtexit2.o)
    0x0800020a   0x00000002   PAD
    0x0800020c   0x00000040   Code   RO         3698    .text               startup_stm32f103xe.o
    0x0800024c   0x000000f4   Code   RO         5261    .text               context_rvds.o
    0x08000340   0x00000058   Code   RO         6977    .text               c_w.l(memcmp.o)
    0x08000398   0x00000048   Code   RO         6979    .text               c_w.l(strcpy.o)
    0x080003e0   0x0000003e   Code   RO         6981    .text               c_w.l(strlen.o)
    0x0800041e   0x00000096   Code   RO         6983    .text               c_w.l(strncmp.o)
    0x080004b4   0x00000018   Code   RO         6985    .text               c_w.l(strcat.o)
    0x080004cc   0x0000008a   Code   RO         6987    .text               c_w.l(rt_memcpy_v6.o)
    0x08000556   0x00000064   Code   RO         6989    .text               c_w.l(rt_memcpy_w.o)
    0x080005ba   0x00000044   Code   RO         6991    .text               c_w.l(rt_memclr.o)
    0x080005fe   0x0000004e   Code   RO         6993    .text               c_w.l(rt_memclr_w.o)
    0x0800064c   0x00000056   Code   RO         6995    .text               c_w.l(strncpy.o)
    0x080006a2   0x00000006   Code   RO         6999    .text               c_w.l(heapauxi.o)
    0x080006a8   0x00000008   Code   RO         7011    .text               c_w.l(libspace.o)
    0x080006b0   0x0000004a   Code   RO         7033    .text               c_w.l(sys_stackheap_outer.o)
    0x080006fa   0x00000012   Code   RO         7045    .text               c_w.l(exit.o)
    0x0800070c   0x0000000c   Code   RO         7111    .text               c_w.l(sys_exit.o)
    0x08000718   0x00000002   Code   RO         7122    .text               c_w.l(use_no_semi.o)
    0x0800071a   0x00000000   Code   RO         7124    .text               c_w.l(indicate_semi.o)
    0x0800071a   0x0000000e   Code   RO         3740    i.$Sub$$main        components.o
    0x08000728   0x00000004   Code   RO          365    i.BusFault_Handler  stm32f1xx_it.o
    0x0800072c   0x00000002   Code   RO          366    i.DebugMon_Handler  stm32f1xx_it.o
    0x0800072e   0x00000012   Code   RO          416    i.EXTI0_IRQHandler  drv_gpio.o
    0x08000740   0x0000003c   Code   RO          417    i.EXTI15_10_IRQHandler  drv_gpio.o
    0x0800077c   0x00000012   Code   RO          418    i.EXTI1_IRQHandler  drv_gpio.o
    0x0800078e   0x00000012   Code   RO          419    i.EXTI2_IRQHandler  drv_gpio.o
    0x080007a0   0x00000012   Code   RO          420    i.EXTI3_IRQHandler  drv_gpio.o
    0x080007b2   0x00000012   Code   RO          421    i.EXTI4_IRQHandler  drv_gpio.o
    0x080007c4   0x0000002e   Code   RO          422    i.EXTI9_5_IRQHandler  drv_gpio.o
    0x080007f2   0x00000002   PAD
    0x080007f4   0x00000024   Code   RO          423    i.GPIOA_CLK_ENABLE  drv_gpio.o
    0x08000818   0x00000024   Code   RO          424    i.GPIOB_CLK_ENABLE  drv_gpio.o
    0x0800083c   0x00000024   Code   RO          425    i.GPIOC_CLK_ENABLE  drv_gpio.o
    0x08000860   0x0000003c   Code   RO          426    i.HAL_GPIO_EXTI_Callback  drv_gpio.o
    0x0800089c   0x0000001c   Code   RO         1290    i.HAL_GPIO_EXTI_IRQHandler  stm32f1xx_hal_gpio.o
    0x080008b8   0x00000340   Code   RO         1291    i.HAL_GPIO_Init     stm32f1xx_hal_gpio.o
    0x08000bf8   0x00000010   Code   RO         1293    i.HAL_GPIO_ReadPin  stm32f1xx_hal_gpio.o
    0x08000c08   0x0000000c   Code   RO         1295    i.HAL_GPIO_WritePin  stm32f1xx_hal_gpio.o
    0x08000c14   0x0000000c   Code   RO          570    i.HAL_GetTick       stm32f1xx_hal.o
    0x08000c20   0x00000018   Code   RO          574    i.HAL_IncTick       stm32f1xx_hal.o
    0x08000c38   0x00000028   Code   RO          575    i.HAL_Init          stm32f1xx_hal.o
    0x08000c60   0x0000004c   Code   RO          576    i.HAL_InitTick      stm32f1xx_hal.o
    0x08000cac   0x0000008c   Code   RO          145    i.HAL_MspInit       board.o
    0x08000d38   0x0000001c   Code   RO          791    i.HAL_NVIC_DisableIRQ  stm32f1xx_hal_cortex.o
    0x08000d54   0x0000001a   Code   RO          792    i.HAL_NVIC_EnableIRQ  stm32f1xx_hal_cortex.o
    0x08000d6e   0x0000007c   Code   RO          798    i.HAL_NVIC_SetPriority  stm32f1xx_hal_cortex.o
    0x08000dea   0x00000002   PAD
    0x08000dec   0x00000028   Code   RO          799    i.HAL_NVIC_SetPriorityGrouping  stm32f1xx_hal_cortex.o
    0x08000e14   0x000001a4   Code   RO         1714    i.HAL_RCC_ClockConfig  stm32f1xx_hal_rcc.o
    0x08000fb8   0x0000000c   Code   RO         1719    i.HAL_RCC_GetHCLKFreq  stm32f1xx_hal_rcc.o
    0x08000fc4   0x00000020   Code   RO         1721    i.HAL_RCC_GetPCLK1Freq  stm32f1xx_hal_rcc.o
    0x08000fe4   0x00000020   Code   RO         1722    i.HAL_RCC_GetPCLK2Freq  stm32f1xx_hal_rcc.o
    0x08001004   0x00000094   Code   RO         1723    i.HAL_RCC_GetSysClockFreq  stm32f1xx_hal_rcc.o
    0x08001098   0x00000440   Code   RO         1726    i.HAL_RCC_OscConfig  stm32f1xx_hal_rcc.o
    0x080014d8   0x00000028   Code   RO          801    i.HAL_SYSTICK_CLKSourceConfig  stm32f1xx_hal_cortex.o
    0x08001500   0x00000034   Code   RO          803    i.HAL_SYSTICK_Config  stm32f1xx_hal_cortex.o
    0x08001534   0x00000072   Code   RO         2881    i.HAL_UART_Init     stm32f1xx_hal_uart.o
    0x080015a6   0x00000002   PAD
    0x080015a8   0x00000188   Code   RO          281    i.HAL_UART_MspInit  drv_usart.o
    0x08001730   0x0000004c   Code   RO          282    i.MX_USART_UART_Init  drv_usart.o
    0x0800177c   0x00000004   Code   RO          367    i.MemManage_Handler  stm32f1xx_it.o
    0x08001780   0x00000002   Code   RO          368    i.NMI_Handler       stm32f1xx_it.o
    0x08001782   0x00000002   PAD
    0x08001784   0x00000010   Code   RO          805    i.NVIC_GetPriorityGrouping  stm32f1xx_hal_cortex.o
    0x08001794   0x00000028   Code   RO          806    i.NVIC_SetPriority  stm32f1xx_hal_cortex.o
    0x080017bc   0x00000028   Code   RO         1727    i.RCC_Delay         stm32f1xx_hal_rcc.o
    0x080017e4   0x00000014   Code   RO          146    i.SysTick_Handler   board.o
    0x080017f8   0x0000009c   Code   RO          147    i.SystemClock_Config  board.o
    0x08001894   0x00000058   Code   RO         3662    i.SystemInit        system_stm32f1xx.o
    0x080018ec   0x000001c8   Code   RO         2908    i.UART_SetConfig    stm32f1xx_hal_uart.o
    0x08001ab4   0x00000018   Code   RO          283    i.USART1_IRQHandler  drv_usart.o
    0x08001acc   0x00000004   Code   RO          369    i.UsageFault_Handler  stm32f1xx_it.o
    0x08001ad0   0x0000004c   Code   RO         4267    i.__rt_ffs          kservice.o
    0x08001b1c   0x00000014   Code   RO         3900    i._has_defunct_thread  idle.o
    0x08001b30   0x000000dc   Code   RO         5766    i._list_device      cmd.o
    0x08001c0c   0x000000fc   Code   RO         5767    i._list_event       cmd.o
    0x08001d08   0x00000114   Code   RO         5768    i._list_mailbox     cmd.o
    0x08001e1c   0x000000d4   Code   RO         5769    i._list_memheap     cmd.o
    0x08001ef0   0x00000118   Code   RO         5770    i._list_mempool     cmd.o
    0x08002008   0x000000fc   Code   RO         5771    i._list_msgqueue    cmd.o
    0x08002104   0x000000c4   Code   RO         5772    i._list_mutex       cmd.o
    0x080021c8   0x000000f0   Code   RO         5773    i._list_sem         cmd.o
    0x080022b8   0x00000174   Code   RO         5774    i._list_thread      cmd.o
    0x0800242c   0x00000114   Code   RO         5775    i._list_timer       cmd.o
    0x08002540   0x00000098   Code   RO         6747    i._msh_exec_cmd     msh.o
    0x080025d8   0x00000048   Code   RO         5697    i._pin_control      pin.o
    0x08002620   0x00000054   Code   RO         5698    i._pin_read         pin.o
    0x08002674   0x00000054   Code   RO         5699    i._pin_write        pin.o
    0x080026c8   0x000000c8   Code   RO         4771    i._rt_scheduler_stack_check  scheduler.o
    0x08002790   0x000000dc   Code   RO         4943    i._rt_thread_init   thread.o
    0x0800286c   0x00000042   Code   RO         5086    i._rt_timer_init    timer.o
    0x080028ae   0x0000002e   Code   RO         5087    i._rt_timer_remove  timer.o
    0x080028dc   0x00000194   Code   RO         5598    i._serial_dma_rx    serial.o
    0x08002a70   0x0000005c   Code   RO         5599    i._serial_dma_tx    serial.o
    0x08002acc   0x00000064   Code   RO         5600    i._serial_fifo_calc_recved_len  serial.o
    0x08002b30   0x000000b8   Code   RO         5601    i._serial_int_rx    serial.o
    0x08002be8   0x00000070   Code   RO         5602    i._serial_int_tx    serial.o
    0x08002c58   0x0000005c   Code   RO         5603    i._serial_poll_rx   serial.o
    0x08002cb4   0x00000054   Code   RO         5604    i._serial_poll_tx   serial.o
    0x08002d08   0x0000001e   Code   RO          427    i.bit2bitno         drv_gpio.o
    0x08002d26   0x00000002   PAD
    0x08002d28   0x000000fc   Code   RO         5201    i.bus_fault_track   cpuport.o
    0x08002e24   0x0000000e   Code   RO         6808    i.cmd_free          msh_cmd.o
    0x08002e32   0x0000000e   Code   RO         6809    i.cmd_ps            msh_cmd.o
    0x08002e40   0x00000006   Code   RO         6810    i.cmd_time          msh_cmd.o
    0x08002e46   0x00000002   PAD
    0x08002e48   0x00000074   Code   RO         6844    i.finsh_get_prompt  shell.o
    0x08002ebc   0x00000058   Code   RO         6846    i.finsh_getchar     shell.o
    0x08002f14   0x00000040   Code   RO         6847    i.finsh_rx_ind      shell.o
    0x08002f54   0x000000dc   Code   RO         6848    i.finsh_set_device  shell.o
    0x08003030   0x00000048   Code   RO         6851    i.finsh_set_prompt_mode  shell.o
    0x08003078   0x00000014   Code   RO         6852    i.finsh_system_function_init  shell.o
    0x0800308c   0x0000009c   Code   RO         6853    i.finsh_system_init  shell.o
    0x08003128   0x00000500   Code   RO         6855    i.finsh_thread_entry  shell.o
    0x08003628   0x00000020   Code   RO          428    i.get_pin           drv_gpio.o
    0x08003648   0x00000080   Code   RO         5202    i.hard_fault_track  cpuport.o
    0x080036c8   0x00000020   Code   RO         5776    i.hello             cmd.o
    0x080036e8   0x0000006c   Code   RO            1    i.led               main.o
    0x08003754   0x00000068   Code   RO         5777    i.list              cmd.o
    0x080037bc   0x00000012   Code   RO         5778    i.list_device       cmd.o
    0x080037ce   0x00000012   Code   RO         5779    i.list_event        cmd.o
    0x080037e0   0x00000012   Code   RO         5780    i.list_mailbox      cmd.o
    0x080037f2   0x00000002   PAD
    0x080037f4   0x00000078   Code   RO         4471    i.list_mem          mem.o
    0x0800386c   0x00000012   Code   RO         5781    i.list_memheap      cmd.o
    0x0800387e   0x00000012   Code   RO         5782    i.list_mempool      cmd.o
    0x08003890   0x00000012   Code   RO         5783    i.list_msgqueue     cmd.o
    0x080038a2   0x00000012   Code   RO         5784    i.list_mutex        cmd.o
    0x080038b4   0x00000012   Code   RO         5785    i.list_sem          cmd.o
    0x080038c6   0x00000012   Code   RO         5786    i.list_thread       cmd.o
    0x080038d8   0x00000012   Code   RO         5787    i.list_timer        cmd.o
    0x080038ea   0x00000004   Code   RO            2    i.main              main.o
    0x080038ee   0x0000000e   Code   RO         3741    i.main_thread_entry  components.o
    0x080038fc   0x000000e8   Code   RO         5203    i.mem_manage_fault_track  cpuport.o
    0x080039e4   0x000000a0   Code   RO         6748    i.msh_auto_complete  msh.o
    0x08003a84   0x0000006c   Code   RO         6749    i.msh_exec          msh.o
    0x08003af0   0x0000005c   Code   RO         6750    i.msh_get_cmd       msh.o
    0x08003b4c   0x00000080   Code   RO         6751    i.msh_help          msh.o
    0x08003bcc   0x00000004   Code   RO         6752    i.msh_is_used       msh.o
    0x08003bd0   0x000000f0   Code   RO         6753    i.msh_split         msh.o
    0x08003cc0   0x00000046   Code   RO         5788    i.object_name_maxlen  cmd.o
    0x08003d06   0x00000002   PAD
    0x08003d08   0x0000001c   Code   RO         5789    i.object_split      cmd.o
    0x08003d24   0x0000010c   Code   RO         4472    i.plug_holes        mem.o
    0x08003e30   0x0000018c   Code   RO         4269    i.print_number      kservice.o
    0x08003fbc   0x00000050   Code   RO         3742    i.rt_application_init  components.o
    0x0800400c   0x00000074   Code   RO         4270    i.rt_assert_handler  kservice.o
    0x08004080   0x00000080   Code   RO         4473    i.rt_calloc         mem.o
    0x08004100   0x00000068   Code   RO         5265    i.rt_completion_done  completion.o
    0x08004168   0x00000048   Code   RO         5266    i.rt_completion_init  completion.o
    0x080041b0   0x00000140   Code   RO         5267    i.rt_completion_wait  completion.o
    0x080042f0   0x0000001c   Code   RO         3743    i.rt_components_board_init  components.o
    0x0800430c   0x0000001c   Code   RO         3744    i.rt_components_init  components.o
    0x08004328   0x0000000c   Code   RO         4272    i.rt_console_get_device  kservice.o
    0x08004334   0x00000034   Code   RO         4273    i.rt_console_set_device  kservice.o
    0x08004368   0x00000064   Code   RO         5298    i.rt_data_queue_init  dataqueue.o
    0x080043cc   0x00000080   Code   RO         5299    i.rt_data_queue_peak  dataqueue.o
    0x0800444c   0x000001c0   Code   RO         5300    i.rt_data_queue_pop  dataqueue.o
    0x0800460c   0x00000160   Code   RO         5301    i.rt_data_queue_push  dataqueue.o
    0x0800476c   0x000000ac   Code   RO         3809    i.rt_device_close   device.o
    0x08004818   0x0000007c   Code   RO         3813    i.rt_device_find    device.o
    0x08004894   0x0000014c   Code   RO         3816    i.rt_device_open    device.o
    0x080049e0   0x00000048   Code   RO         5700    i.rt_device_pin_register  pin.o
    0x08004a28   0x000000b4   Code   RO         3817    i.rt_device_read    device.o
    0x08004adc   0x00000034   Code   RO         3818    i.rt_device_register  device.o
    0x08004b10   0x00000080   Code   RO         3819    i.rt_device_set_rx_indicate  device.o
    0x08004b90   0x000000b4   Code   RO         3822    i.rt_device_write   device.o
    0x08004c44   0x0000000c   Code   RO         5605    i.rt_dma_calc_recved_len  serial.o
    0x08004c50   0x0000009c   Code   RO         5606    i.rt_dma_recv_update_get_index  serial.o
    0x08004cec   0x000000b4   Code   RO         5607    i.rt_dma_recv_update_put_index  serial.o
    0x08004da0   0x00000020   Code   RO         4773    i.rt_enter_critical  scheduler.o
    0x08004dc0   0x0000003c   Code   RO         4774    i.rt_exit_critical  scheduler.o
    0x08004dfc   0x0000020c   Code   RO         4474    i.rt_free           mem.o
    0x08005008   0x00000030   Code   RO          148    i.rt_hw_board_init  board.o
    0x08005038   0x00000002   Code   RO         4276    i.rt_hw_console_output  kservice.o
    0x0800503a   0x00000002   PAD
    0x0800503c   0x00000208   Code   RO         5207    i.rt_hw_hard_fault_exception  cpuport.o
    0x08005244   0x0000001c   Code   RO          429    i.rt_hw_pin_init    drv_gpio.o
    0x08005260   0x000001dc   Code   RO         5608    i.rt_hw_serial_isr  serial.o
    0x0800543c   0x00000080   Code   RO         5609    i.rt_hw_serial_register  serial.o
    0x080054bc   0x0000004c   Code   RO         5208    i.rt_hw_stack_init  cpuport.o
    0x08005508   0x00000054   Code   RO          284    i.rt_hw_usart_init  drv_usart.o
    0x0800555c   0x00000038   Code   RO         4228    i.rt_interrupt_enter  irq.o
    0x08005594   0x0000000c   Code   RO         4230    i.rt_interrupt_get_nest  irq.o
    0x080055a0   0x00000038   Code   RO         4231    i.rt_interrupt_leave  irq.o
    0x080055d8   0x00000018   Code   RO         3960    i.rt_ipc_list_resume  ipc.o
    0x080055f0   0x0000006c   Code   RO         3962    i.rt_ipc_list_suspend  ipc.o
    0x0800565c   0x00000010   Code   RO         3963    i.rt_ipc_object_init  ipc.o
    0x0800566c   0x00000068   Code   RO         4277    i.rt_kprintf        kservice.o
    0x080056d4   0x00000006   Code   RO         3964    i.rt_list_init      ipc.o
    0x080056da   0x00000006   Code   RO         4594    i.rt_list_init      mempool.o
    0x080056e0   0x00000006   Code   RO         4775    i.rt_list_init      scheduler.o
    0x080056e6   0x00000006   Code   RO         5088    i.rt_list_init      timer.o
    0x080056ec   0x00000006   Code   RO         5303    i.rt_list_init      dataqueue.o
    0x080056f2   0x0000000e   Code   RO         4664    i.rt_list_insert_after  object.o
    0x08005700   0x0000000e   Code   RO         4944    i.rt_list_insert_after  thread.o
    0x0800570e   0x0000000e   Code   RO         5089    i.rt_list_insert_after  timer.o
    0x0800571c   0x0000000e   Code   RO         3965    i.rt_list_insert_before  ipc.o
    0x0800572a   0x0000000e   Code   RO         5304    i.rt_list_insert_before  dataqueue.o
    0x08005738   0x00000010   Code   RO         3966    i.rt_list_isempty   ipc.o
    0x08005748   0x00000010   Code   RO         5090    i.rt_list_isempty   timer.o
    0x08005758   0x00000010   Code   RO         5268    i.rt_list_isempty   completion.o
    0x08005768   0x00000010   Code   RO         5305    i.rt_list_isempty   dataqueue.o
    0x08005778   0x00000010   Code   RO         5790    i.rt_list_isempty   cmd.o
    0x08005788   0x00000014   Code   RO         5791    i.rt_list_len       cmd.o
    0x0800579c   0x00000012   Code   RO         4665    i.rt_list_remove    object.o
    0x080057ae   0x00000012   Code   RO         4945    i.rt_list_remove    thread.o
    0x080057c0   0x000002bc   Code   RO         4476    i.rt_malloc         mem.o
    0x08005a7c   0x0000007c   Code   RO         4281    i.rt_memcpy         kservice.o
    0x08005af8   0x00000042   Code   RO         4282    i.rt_memmove        kservice.o
    0x08005b3a   0x00000048   Code   RO         4283    i.rt_memset         kservice.o
    0x08005b82   0x00000002   PAD
    0x08005b84   0x000000e0   Code   RO         4598    i.rt_mp_create      mempool.o
    0x08005c64   0x00000068   Code   RO         4601    i.rt_mp_free        mempool.o
    0x08005ccc   0x000000ec   Code   RO         4666    i.rt_object_allocate  object.o
    0x08005db8   0x000000a0   Code   RO         4668    i.rt_object_delete  object.o
    0x08005e58   0x0000005c   Code   RO         4669    i.rt_object_detach  object.o
    0x08005eb4   0x00000028   Code   RO         4672    i.rt_object_get_information  object.o
    0x08005edc   0x00000034   Code   RO         4673    i.rt_object_get_type  object.o
    0x08005f10   0x0000007c   Code   RO         4674    i.rt_object_init    object.o
    0x08005f8c   0x0000003c   Code   RO         4675    i.rt_object_is_systemobject  object.o
    0x08005fc8   0x00000048   Code   RO         5704    i.rt_pin_mode       pin.o
    0x08006010   0x00000044   Code   RO         5705    i.rt_pin_read       pin.o
    0x08006054   0x00000048   Code   RO         5706    i.rt_pin_write      pin.o
    0x0800609c   0x000000bc   Code   RO         4776    i.rt_schedule       scheduler.o
    0x08006158   0x0000007c   Code   RO         4777    i.rt_schedule_insert_thread  scheduler.o
    0x080061d4   0x00000080   Code   RO         4778    i.rt_schedule_remove_thread  scheduler.o
    0x08006254   0x00000048   Code   RO         3994    i.rt_sem_init       ipc.o
    0x0800629c   0x00000090   Code   RO         3995    i.rt_sem_release    ipc.o
    0x0800632c   0x000001a4   Code   RO         3996    i.rt_sem_take       ipc.o
    0x080064d0   0x00000184   Code   RO         5610    i.rt_serial_close   serial.o
    0x08006654   0x000000a4   Code   RO         5611    i.rt_serial_control  serial.o
    0x080066f8   0x00000048   Code   RO         5612    i.rt_serial_init    serial.o
    0x08006740   0x0000029c   Code   RO         5613    i.rt_serial_open    serial.o
    0x080069dc   0x0000006c   Code   RO         5614    i.rt_serial_read    serial.o
    0x08006a48   0x0000006c   Code   RO         5615    i.rt_serial_write   serial.o
    0x08006ab4   0x00000028   Code   RO         4284    i.rt_set_errno      kservice.o
    0x08006adc   0x000000b0   Code   RO         4285    i.rt_show_version   kservice.o
    0x08006b8c   0x00000012   Code   RO         4291    i.rt_strlen         kservice.o
    0x08006b9e   0x00000028   Code   RO         4292    i.rt_strncmp        kservice.o
    0x08006bc6   0x00000034   Code   RO         4293    i.rt_strncpy        kservice.o
    0x08006bfa   0x00000002   PAD
    0x08006bfc   0x00000154   Code   RO         4480    i.rt_system_heap_init  mem.o
    0x08006d50   0x00000050   Code   RO         4780    i.rt_system_scheduler_init  scheduler.o
    0x08006da0   0x00000030   Code   RO         4781    i.rt_system_scheduler_start  scheduler.o
    0x08006dd0   0x0000003c   Code   RO         4857    i.rt_system_signal_init  signal.o
    0x08006e0c   0x0000001c   Code   RO         5091    i.rt_system_timer_init  timer.o
    0x08006e28   0x00000002   Code   RO         5092    i.rt_system_timer_thread_init  timer.o
    0x08006e2a   0x00000050   Code   RO         4947    i.rt_thread_create  thread.o
    0x08006e7a   0x00000002   PAD
    0x08006e7c   0x00000058   Code   RO         4951    i.rt_thread_exit    thread.o
    0x08006ed4   0x00000042   Code   RO         4859    i.rt_thread_free_sig  signal.o
    0x08006f16   0x0000009c   Code   RO         4860    i.rt_thread_handle_sig  signal.o
    0x08006fb2   0x00000002   PAD
    0x08006fb4   0x00000028   Code   RO         3902    i.rt_thread_idle_entry  idle.o
    0x08006fdc   0x000000e8   Code   RO         3903    i.rt_thread_idle_excute  idle.o
    0x080070c4   0x0000003c   Code   RO         3905    i.rt_thread_idle_init  idle.o
    0x08007100   0x0000007c   Code   RO         4953    i.rt_thread_init    thread.o
    0x0800717c   0x00000014   Code   RO         4955    i.rt_thread_mdelay  thread.o
    0x08007190   0x00000098   Code   RO         4956    i.rt_thread_resume  thread.o
    0x08007228   0x0000000c   Code   RO         4958    i.rt_thread_self    thread.o
    0x08007234   0x00000080   Code   RO         4959    i.rt_thread_sleep   thread.o
    0x080072b4   0x000000c0   Code   RO         4960    i.rt_thread_startup  thread.o
    0x08007374   0x000000a0   Code   RO         4961    i.rt_thread_suspend  thread.o
    0x08007414   0x000000b4   Code   RO         4963    i.rt_thread_timeout  thread.o
    0x080074c8   0x00000064   Code   RO         4964    i.rt_thread_yield   thread.o
    0x0800752c   0x0000001e   Code   RO         3703    i.rt_tick_from_millisecond  clock.o
    0x0800754a   0x00000002   PAD
    0x0800754c   0x0000000c   Code   RO         3704    i.rt_tick_get       clock.o
    0x08007558   0x00000030   Code   RO         3705    i.rt_tick_increase  clock.o
    0x08007588   0x0000009c   Code   RO         5093    i.rt_timer_check    timer.o
    0x08007624   0x000000b8   Code   RO         5094    i.rt_timer_control  timer.o
    0x080076dc   0x000000d4   Code   RO         5097    i.rt_timer_detach   timer.o
    0x080077b0   0x00000054   Code   RO         5098    i.rt_timer_init     timer.o
    0x08007804   0x000001c0   Code   RO         5101    i.rt_timer_start    timer.o
    0x080079c4   0x000000c0   Code   RO         5102    i.rt_timer_stop     timer.o
    0x08007a84   0x00000328   Code   RO         4296    i.rt_vsnprintf      kservice.o
    0x08007dac   0x00000004   Code   RO         3745    i.rti_board_end     components.o
    0x08007db0   0x00000004   Code   RO         3746    i.rti_board_start   components.o
    0x08007db4   0x00000004   Code   RO         3747    i.rti_end           components.o
    0x08007db8   0x00000004   Code   RO         3748    i.rti_start         components.o
    0x08007dbc   0x0000002e   Code   RO         3749    i.rtthread_startup  components.o
    0x08007dea   0x00000002   PAD
    0x08007dec   0x00000038   Code   RO         6856    i.shell_auto_complete  shell.o
    0x08007e24   0x00000030   Code   RO         6857    i.shell_handle_history  shell.o
    0x08007e54   0x000000d8   Code   RO         6858    i.shell_push_history  shell.o
    0x08007f2c   0x00000030   Code   RO         5792    i.show_wait_queue   cmd.o
    0x08007f5c   0x00000026   Code   RO         4298    i.skip_atoi         kservice.o
    0x08007f82   0x00000002   PAD
    0x08007f84   0x000000e4   Code   RO          285    i.stm32_configure   drv_usart.o
    0x08008068   0x00000090   Code   RO          286    i.stm32_control     drv_usart.o
    0x080080f8   0x00000044   Code   RO          287    i.stm32_getc        drv_usart.o
    0x0800813c   0x000000dc   Code   RO          430    i.stm32_pin_attach_irq  drv_gpio.o
    0x08008218   0x0000008c   Code   RO          431    i.stm32_pin_dettach_irq  drv_gpio.o
    0x080082a4   0x00000118   Code   RO          432    i.stm32_pin_irq_enable  drv_gpio.o
    0x080083bc   0x00000078   Code   RO          433    i.stm32_pin_mode    drv_gpio.o
    0x08008434   0x0000002a   Code   RO          434    i.stm32_pin_read    drv_gpio.o
    0x0800845e   0x00000028   Code   RO          435    i.stm32_pin_write   drv_gpio.o
    0x08008486   0x00000002   PAD
    0x08008488   0x00000044   Code   RO          288    i.stm32_putc        drv_usart.o
    0x080084cc   0x00000020   Code   RO         6754    i.str_common        msh.o
    0x080084ec   0x0000002c   Code   RO          114    i.thread1_entry     creat_thread.o
    0x08008518   0x00000044   Code   RO          115    i.thread2_entry     creat_thread.o
    0x0800855c   0x00000078   Code   RO          116    i.thread_sample     creat_thread.o
    0x080085d4   0x0000004c   Code   RO          289    i.uart_isr          drv_usart.o
    0x08008620   0x000000e8   Code   RO         5209    i.usage_fault_track  cpuport.o
    0x08008708   0x0000000a   Code   RO         5793    i.version           cmd.o
    0x08008712   0x00000013   Data   RO          150    .constdata          board.o
    0x08008725   0x00000003   PAD
    0x08008728   0x0000006f   Data   RO          291    .constdata          drv_usart.o
    0x08008797   0x00000001   PAD
    0x08008798   0x00000368   Data   RO          436    .constdata          drv_gpio.o
    0x08008b00   0x00000018   Data   RO         3663    .constdata          system_stm32f1xx.o
    0x08008b18   0x00000014   Data   RO         3750    .constdata          components.o
    0x08008b2c   0x000000c9   Data   RO         3823    .constdata          device.o
    0x08008bf5   0x00000016   Data   RO         3908    .constdata          idle.o
    0x08008c0b   0x000001f7   Data   RO         3998    .constdata          ipc.o
    0x08008e02   0x00000122   Data   RO         4300    .constdata          kservice.o
    0x08008f24   0x00000046   Data   RO         4482    .constdata          mem.o
    0x08008f6a   0x0000003e   Data   RO         4604    .constdata          mempool.o
    0x08008fa8   0x00000080   Data   RO         4680    .constdata          object.o
    0x08009028   0x0000004e   Data   RO         4783    .constdata          scheduler.o
    0x08009076   0x00000048   Data   RO         4862    .constdata          signal.o
    0x080090be   0x000000b9   Data   RO         4965    .constdata          thread.o
    0x08009177   0x0000005c   Data   RO         5104    .constdata          timer.o
    0x080091d3   0x00000039   Data   RO         5269    .constdata          completion.o
    0x0800920c   0x0000004b   Data   RO         5306    .constdata          dataqueue.o
    0x08009257   0x0000012a   Data   RO         5616    .constdata          serial.o
    0x08009381   0x0000007d   Data   RO         5708    .constdata          pin.o
    0x080093fe   0x00000002   PAD
    0x08009400   0x00000050   Data   RO         5794    .constdata          cmd.o
    0x08009450   0x0000000e   Data   RO         6755    .constdata          msh.o
    0x0800945e   0x00000087   Data   RO         6860    .constdata          shell.o
    0x080094e5   0x00000003   PAD
    0x080094e8   0x00000045   Data   RO         3999    .conststring        ipc.o
    0x0800952d   0x00000003   PAD
    0x08009530   0x000000ed   Data   RO         4483    .conststring        mem.o
    0x0800961d   0x00000003   PAD
    0x08009620   0x00000042   Data   RO         4966    .conststring        thread.o
    0x08009662   0x00000002   PAD
    0x08009664   0x0000015d   Data   RO         5795    .conststring        cmd.o
    0x080097c1   0x00000025   Data   RO            3    .rodata.name        main.o
    0x080097e6   0x00000022   Data   RO          119    .rodata.name        creat_thread.o
    0x08009808   0x00000027   Data   RO         4485    .rodata.name        mem.o
    0x0800982f   0x00000069   Data   RO         5709    .rodata.name        pin.o
    0x08009898   0x00000385   Data   RO         5796    .rodata.name        cmd.o
    0x08009c1d   0x00000021   Data   RO         6756    .rodata.name        msh.o
    0x08009c3e   0x0000007b   Data   RO         6811    .rodata.name        msh_cmd.o
    0x08009cb9   0x00000003   PAD
    0x08009cbc   0x00000004   Data   RO         3751    .rti_fn.0           components.o
    0x08009cc0   0x00000004   Data   RO         3752    .rti_fn.0.end       components.o
    0x08009cc4   0x00000004   Data   RO          293    .rti_fn.1           drv_usart.o
    0x08009cc8   0x00000004   Data   RO          438    .rti_fn.1           drv_gpio.o
    0x08009ccc   0x00000004   Data   RO         3753    .rti_fn.1.end       components.o
    0x08009cd0   0x00000004   Data   RO         6862    .rti_fn.6           shell.o
    0x08009cd4   0x00000004   Data   RO         3754    .rti_fn.6.end       components.o
    0x08009cd8   0x0000000c   Data   RO            4    FSymTab             main.o
    0x08009ce4   0x0000000c   Data   RO          120    FSymTab             creat_thread.o
    0x08009cf0   0x0000000c   Data   RO         4486    FSymTab             mem.o
    0x08009cfc   0x00000024   Data   RO         5710    FSymTab             pin.o
    0x08009d20   0x00000120   Data   RO         5797    FSymTab             cmd.o
    0x08009e40   0x0000000c   Data   RO         6757    FSymTab             msh.o
    0x08009e4c   0x00000024   Data   RO         6812    FSymTab             msh_cmd.o
    0x08009e70   0x00000020   Data   RO         7177    Region$$Table       anon$$obj.o


    Execution Region RW_IRAM1 (Base: 0x20000000, Size: 0x000011c8, Max: 0x00005000, ABSOLUTE, COMPRESSED[0x00000074])

    Base Addr    Size         Type   Attr      Idx    E Section Name        Object

    0x20000000   0x00000004   Data   RW          118    .data               creat_thread.o
    0x20000004   0x00000044   Data   RW          292    .data               drv_usart.o
    0x20000048   0x000000c0   Data   RW          437    .data               drv_gpio.o
    0x20000108   0x00000009   Data   RW          582    .data               stm32f1xx_hal.o
    0x20000111   0x00000003   PAD
    0x20000114   0x00000004   Data   RW         3664    .data               system_stm32f1xx.o
    0x20000118   0x00000004   Data   RW         3707    .data               clock.o
    0x2000011c   0x00000009   Data   RW         4233    .data               irq.o
    0x20000125   0x00000003   PAD
    0x20000128   0x0000000c   Data   RW         4301    .data               kservice.o
    0x20000134   0x00000020   Data   RW         4484    .data               mem.o
    0x20000154   0x00000008   Data   RW         4605    .data               mempool.o
    0x2000015c   0x000000b4   Data   RW         4681    .data               object.o
    0x20000210   0x0000001c   Data   RW         4784    .data               scheduler.o
    0x2000022c   0x00000004   Data   RW         4863    .data               signal.o
    0x20000230   0x0000000c   Data   RW         4967    .data               thread.o
    0x2000023c   0x00000010   Data   RW         5105    .data               timer.o
    0x2000024c   0x00000010   Data   RW         5211    .data               cpuport.o
    0x2000025c   0x00000008   Data   RW         6861    .data               shell.o
    0x20000264   0x00000010   Data   RW         6955    .data               symbol.o
    0x20000274   0x00000494   Zero   RW          117    .bss                creat_thread.o
    0x20000708   0x00000054   Zero   RW          290    .bss                drv_usart.o
    0x2000075c   0x000001a4   Zero   RW         3907    .bss                idle.o
    0x20000900   0x00000080   Zero   RW         4299    .bss                kservice.o
    0x20000980   0x00000020   Zero   RW         4481    .bss                mem.o
    0x200009a0   0x00000100   Zero   RW         4782    .bss                scheduler.o
    0x20000aa0   0x00000044   Zero   RW         5707    .bss                pin.o
    0x20000ae4   0x00000081   Zero   RW         6859    .bss                shell.o
    0x20000b65   0x00000003   PAD
    0x20000b68   0x00000060   Zero   RW         7012    .bss                c_w.l(libspace.o)
    0x20000bc8   0x00000200   Zero   RW         3696    HEAP                startup_stm32f103xe.o
    0x20000dc8   0x00000400   Zero   RW         3695    STACK               startup_stm32f103xe.o


==============================================================================

Image component sizes


      Code (inc. data)   RO Data    RW Data    ZI Data      Debug   Object Name

       364         46         19          0          0     448804   board.o
        90         12          0          4          0       1532   clock.o
      3084       1358       1618          0          0      23395   cmd.o
       512        180         57          0          0       5631   completion.o
       226         50         36          0          0       5224   components.o
       244         26          0          0          0        740   context_rvds.o
      1440        724          0         16          0       5050   cpuport.o
       232         92         46          4       1172       2321   creat_thread.o
      1064        224         75          0          0       6415   dataqueue.o
      1168        512        201          0          0       8064   device.o
      1296         66        876        192          0      12152   drv_gpio.o
      1160        224        115         68         84      28344   drv_usart.o
       352         86         22          0        420       5226   idle.o
       820        182        572          0          0      30851   ipc.o
       124         26          0          9          0       1882   irq.o
      2192        242        290         12        128      12951   kservice.o
       112         36         49          0          0      24118   main.o
      2080        802        358         32         32       6456   mem.o
       334         56         62          8          0       7825   mempool.o
       916        180         59          0          0       6410   msh.o
        34          0        159          0          0       2823   msh_cmd.o
       796        268        128        180          0       9562   object.o
       524        182        266          0         68       7766   pin.o
       866        252         78         28        256       8422   scheduler.o
      3528        758        298          0          0      15307   serial.o
      2336        318        139          8        129      10301   shell.o
       282         22         72          4          0       7824   signal.o
        64         26        304          0       1536        864   startup_stm32f103xe.o
       152         32          0          9          0       3009   stm32f1xx_hal.o
       366         28          0          0          0      27135   stm32f1xx_hal_cortex.o
       888         46          0          0          0       3738   stm32f1xx_hal_gpio.o
      1772        108          0          0          0       5656   stm32f1xx_hal_rcc.o
       570          6          0          0          0       1604   stm32f1xx_hal_uart.o
        16          0          0          0          0       1961   stm32f1xx_it.o
         0          0          0         16          0       4981   symbol.o
        88         18         24          4          0       1291   system_stm32f1xx.o
      1488        396        251         12          0      14394   thread.o
      1454        478         92         16          0      11103   timer.o

    ----------------------------------------------------------------------
     33068       8062       6318        628       3828     781132   Object Totals
         0          0         32          0          0          0   (incl. Generated)
        34          0         20          6          3          0   (incl. Padding)

    ----------------------------------------------------------------------

      Code (inc. data)   RO Data    RW Data    ZI Data      Debug   Library Member Name

        90          0          0          0          0          0   __dczerorl2.o
         8          0          0          0          0         68   __main.o
         0          0          0          0          0          0   __rtentry.o
        12          0          0          0          0          0   __rtentry2.o
         6          0          0          0          0          0   __rtentry4.o
        52          8          0          0          0          0   __scatter.o
        28          0          0          0          0          0   __scatter_zi.o
        18          0          0          0          0         80   exit.o
         6          0          0          0          0        152   heapauxi.o
         0          0          0          0          0          0   indicate_semi.o
         2          0          0          0          0          0   libinit.o
         2          0          0          0          0          0   libinit2.o
         2          0          0          0          0          0   libshutdown.o
         2          0          0          0          0          0   libshutdown2.o
         8          4          0          0         96         68   libspace.o
        88          0          0          0          0         76   memcmp.o
        68          0          0          0          0         68   rt_memclr.o
        78          0          0          0          0         80   rt_memclr_w.o
       138          0          0          0          0         68   rt_memcpy_v6.o
       100          0          0          0          0         80   rt_memcpy_w.o
         2          0          0          0          0          0   rtexit.o
        10          0          0          0          0          0   rtexit2.o
        24          0          0          0          0         68   strcat.o
        72          0          0          0          0         80   strcpy.o
        62          0          0          0          0         76   strlen.o
       150          0          0          0          0         80   strncmp.o
        86          0          0          0          0         76   strncpy.o
        12          4          0          0          0         68   sys_exit.o
        74          0          0          0          0         80   sys_stackheap_outer.o
         2          0          0          0          0         68   use_no_semi.o

    ----------------------------------------------------------------------
      1206         16          0          0         96       1336   Library Totals
         4          0          0          0          0          0   (incl. Padding)

    ----------------------------------------------------------------------

      Code (inc. data)   RO Data    RW Data    ZI Data      Debug   Library Name

      1202         16          0          0         96       1336   c_w.l

    ----------------------------------------------------------------------
      1206         16          0          0         96       1336   Library Totals

    ----------------------------------------------------------------------

==============================================================================


      Code (inc. data)   RO Data    RW Data    ZI Data      Debug   

     34274       8078       6318        628       3924     767904   Grand Totals
     34274       8078       6318        116       3924     767904   ELF Image Totals (compressed)
     34274       8078       6318        116          0          0   ROM Totals

==============================================================================

    Total RO  Size (Code + RO Data)                40592 (  39.64kB)
    Total RW  Size (RW Data + ZI Data)              4552 (   4.45kB)
    Total ROM Size (Code + RO Data + RW Data)      40708 (  39.75kB)

==============================================================================

